Archive member included to satisfy reference by file (symbol)

app/libapp.a(main.c.obj)      (--whole-archive)
zephyr/libzephyr.a(cbprintf.c.obj)
                              (--whole-archive)
zephyr/libzephyr.a(cbprintf_packaged.c.obj)
                              (--whole-archive)
zephyr/libzephyr.a(crc32c_sw.c.obj)
                              (--whole-archive)
zephyr/libzephyr.a(crc32_sw.c.obj)
                              (--whole-archive)
zephyr/libzephyr.a(crc16_sw.c.obj)
                              (--whole-archive)
zephyr/libzephyr.a(crc8_sw.c.obj)
                              (--whole-archive)
zephyr/libzephyr.a(crc7_sw.c.obj)
                              (--whole-archive)
zephyr/libzephyr.a(dec.c.obj)
                              (--whole-archive)
zephyr/libzephyr.a(fdtable.c.obj)
                              (--whole-archive)
zephyr/libzephyr.a(hex.c.obj)
                              (--whole-archive)
zephyr/libzephyr.a(notify.c.obj)
                              (--whole-archive)
zephyr/libzephyr.a(printk.c.obj)
                              (--whole-archive)
zephyr/libzephyr.a(onoff.c.obj)
                              (--whole-archive)
zephyr/libzephyr.a(rb.c.obj)  (--whole-archive)
zephyr/libzephyr.a(sem.c.obj)
                              (--whole-archive)
zephyr/libzephyr.a(thread_entry.c.obj)
                              (--whole-archive)
zephyr/libzephyr.a(timeutil.c.obj)
                              (--whole-archive)
zephyr/libzephyr.a(heap.c.obj)
                              (--whole-archive)
zephyr/libzephyr.a(heap-validate.c.obj)
                              (--whole-archive)
zephyr/libzephyr.a(bitarray.c.obj)
                              (--whole-archive)
zephyr/libzephyr.a(multi_heap.c.obj)
                              (--whole-archive)
zephyr/libzephyr.a(cbprintf_complete.c.obj)
                              (--whole-archive)
zephyr/libzephyr.a(assert.c.obj)
                              (--whole-archive)
zephyr/libzephyr.a(reboot.c.obj)
                              (--whole-archive)
zephyr/libzephyr.a(configs.c.obj)
                              (--whole-archive)
zephyr/libzephyr.a(soc_nrf_common.S.obj)
                              (--whole-archive)
zephyr/libzephyr.a(validate_base_addresses.c.obj)
                              (--whole-archive)
zephyr/libzephyr.a(validate_enabled_instances.c.obj)
                              (--whole-archive)
zephyr/libzephyr.a(thread_info.c.obj)
                              (--whole-archive)
zephyr/libzephyr.a(pm.c.obj)  (--whole-archive)
zephyr/libzephyr.a(constraint.c.obj)
                              (--whole-archive)
zephyr/libzephyr.a(residency.c.obj)
                              (--whole-archive)
zephyr/libzephyr.a(tracing_none.c.obj)
                              (--whole-archive)
zephyr/libzephyr.a(nrf_cc3xx_platform_abort_zephyr.c.obj)
                              (--whole-archive)
zephyr/libzephyr.a(nrf_cc3xx_platform_mutex_zephyr.c.obj)
                              (--whole-archive)
zephyr/arch/common/libarch__common.a(sw_isr_common.c.obj)
                              (--whole-archive)
zephyr/arch/arch/arm/core/aarch32/libarch__arm__core__aarch32.a(cpu_idle.S.obj)
                              (--whole-archive)
zephyr/arch/arch/arm/core/aarch32/libarch__arm__core__aarch32.a(fatal.c.obj)
                              (--whole-archive)
zephyr/arch/arch/arm/core/aarch32/libarch__arm__core__aarch32.a(irq_manage.c.obj)
                              (--whole-archive)
zephyr/arch/arch/arm/core/aarch32/libarch__arm__core__aarch32.a(nmi.c.obj)
                              (--whole-archive)
zephyr/arch/arch/arm/core/aarch32/libarch__arm__core__aarch32.a(nmi_on_reset.S.obj)
                              (--whole-archive)
zephyr/arch/arch/arm/core/aarch32/libarch__arm__core__aarch32.a(prep_c.c.obj)
                              (--whole-archive)
zephyr/arch/arch/arm/core/aarch32/libarch__arm__core__aarch32.a(swap.c.obj)
                              (--whole-archive)
zephyr/arch/arch/arm/core/aarch32/libarch__arm__core__aarch32.a(swap_helper.S.obj)
                              (--whole-archive)
zephyr/arch/arch/arm/core/aarch32/libarch__arm__core__aarch32.a(thread.c.obj)
                              (--whole-archive)
zephyr/arch/arch/arm/core/aarch32/libarch__arm__core__aarch32.a(isr_wrapper.S.obj)
                              (--whole-archive)
zephyr/arch/arch/arm/core/aarch32/cortex_m/libarch__arm__core__aarch32__cortex_m.a(exc_exit.S.obj)
                              (--whole-archive)
zephyr/arch/arch/arm/core/aarch32/cortex_m/libarch__arm__core__aarch32__cortex_m.a(fault.c.obj)
                              (--whole-archive)
zephyr/arch/arch/arm/core/aarch32/cortex_m/libarch__arm__core__aarch32__cortex_m.a(fault_s.S.obj)
                              (--whole-archive)
zephyr/arch/arch/arm/core/aarch32/cortex_m/libarch__arm__core__aarch32__cortex_m.a(fpu.c.obj)
                              (--whole-archive)
[...]
Memory Configuration

Name             Origin             Length             Attributes
FLASH            0x0000000000000000 0x0000000000100000 xr
SRAM             0x0000000020000000 0x0000000000040000 xw
IDT_LIST         0x00000000fffff7ff 0x0000000000000800 xw
*default*        0x0000000000000000 0xffffffffffffffff

Linker script and memory map

LOAD zephyr/CMakeFiles/zephyr_final.dir/misc/empty_file.c.obj
LOAD zephyr/CMakeFiles/zephyr_final.dir/dev_handles.c.obj
LOAD zephyr/CMakeFiles/zephyr_final.dir/isr_tables.c.obj
LOAD zephyr/CMakeFiles/offsets.dir/./arch/arm/core/offsets/offsets.c.obj
                0x0000000000000020                _region_min_align = 0x20

.rel.plt        0x0000000000000000        0x0
 *(SORT_BY_ALIGNMENT(.rel.plt))
                [!provide]                        PROVIDE (__rel_iplt_start = .)
 *(SORT_BY_ALIGNMENT(.rel.iplt))
 .rel.iplt      0x0000000000000000        0x0 zephyr/CMakeFiles/zephyr_final.dir/dev_handles.c.obj
                [!provide]                        PROVIDE (__rel_iplt_end = .)

.rela.plt       0x0000000000000000        0x0
 *(SORT_BY_ALIGNMENT(.rela.plt))
                [!provide]                        PROVIDE (__rela_iplt_start = .)
 *(SORT_BY_ALIGNMENT(.rela.iplt))
                [!provide]                        PROVIDE (__rela_iplt_end = .)

.rel.dyn
 *(SORT_BY_ALIGNMENT(.rel.*))

.rela.dyn
 *(SORT_BY_ALIGNMENT(.rela.*))

/DISCARD/
 *(SORT_BY_ALIGNMENT(.plt))
 *(SORT_BY_ALIGNMENT(.iplt))
 *(SORT_BY_ALIGNMENT(.got.plt))
 *(SORT_BY_ALIGNMENT(.igot.plt))
 *(SORT_BY_ALIGNMENT(.got))
 *(SORT_BY_ALIGNMENT(.igot))
 *(SORT_BY_ALIGNMENT(.irq_info*))
 *(SORT_BY_ALIGNMENT(.intList*))
 *(SORT_BY_ALIGNMENT(.note.GNU-stack))
                0x0000000000000000                __rom_region_start = 0x0

rom_start       0x0000000000000000      0x100
                0x0000000000000000                . = 0x0
                0x0000000000000000                . = ALIGN (0x4)
                0x0000000000000000                . = ALIGN (0x80)
                0x0000000000000000                . = ALIGN (0x100)
                0x0000000000000000                _vector_start = .
 *(SORT_BY_ALIGNMENT(.exc_vector_table))
 *(SORT_BY_ALIGNMENT(.exc_vector_table.*))
 .exc_vector_table._vector_table_section
                0x0000000000000000       0x40 zephyr/arch/arch/arm/core/aarch32/cortex_m/libarch__arm__core__aarch32__cortex_m.a(vector_table.S.obj)
                0x0000000000000000                _vector_table
 *(SORT_BY_ALIGNMENT(.gnu.linkonce.irq_vector_table*))
 .gnu.linkonce.irq_vector_table
                0x0000000000000040       0xc0 zephyr/CMakeFiles/zephyr_final.dir/isr_tables.c.obj
                0x0000000000000040                _irq_vector_table
 *(SORT_BY_ALIGNMENT(.vectors))
                0x0000000000000100                _vector_end = .

text            0x0000000000000100     0x8bf8
                0x0000000000000100                __text_region_start = .
 *(SORT_BY_ALIGNMENT(.text))
 .text          0x0000000000000100       0x30 /opt/nordic/ncs/v1.9.1/toolchain/bin/../lib/gcc/arm-none-eabi/9.2.1/thumb/v7e-m/nofp/libgcc.a(_aeabi_uldivmod.o)
                0x0000000000000100                __aeabi_uldivmod
 .text          0x0000000000000130      0x2c0 /opt/nordic/ncs/v1.9.1/toolchain/bin/../lib/gcc/arm-none-eabi/9.2.1/thumb/v7e-m/nofp/libgcc.a(_udivmoddi4.o)
                0x0000000000000130                __udivmoddi4
 .text          0x00000000000003f0        0x4 /opt/nordic/ncs/v1.9.1/toolchain/bin/../lib/gcc/arm-none-eabi/9.2.1/thumb/v7e-m/nofp/libgcc.a(_dvmd_tls.o)
                0x00000000000003f0                __aeabi_ldiv0
                0x00000000000003f0                __aeabi_idiv0
 *(SORT_BY_ALIGNMENT(.text.*))
 .text.shared_code_section
                0x00000000000003f4       0x70 app/libapp.a(main.c.obj)
                0x00000000000003f4                shared_code_section
 .text.thread0  0x0000000000000464       0x14 app/libapp.a(main.c.obj)
                0x0000000000000464                thread0
 .text.thread1  0x0000000000000478       0x14 app/libapp.a(main.c.obj)
                0x0000000000000478                thread1
 .text.sys_notify_finalize
                0x000000000000048c       0x48 zephyr/libzephyr.a(notify.c.obj)
                0x000000000000048c                sys_notify_finalize
 .text.char_out
                0x00000000000004d4       0x14 zephyr/libzephyr.a(printk.c.obj)
 .text.__printk_hook_install
                0x00000000000004e8        0xc zephyr/libzephyr.a(printk.c.obj)
                0x00000000000004e8                __printk_hook_install
 .text.vprintk  0x00000000000004f4       0x20 zephyr/libzephyr.a(printk.c.obj)
                0x00000000000004f4                vprintk
 .text.vsnprintk
                0x0000000000000514       0x2c zephyr/libzephyr.a(printk.c.obj)
                0x0000000000000514                vsnprintk
 .text.process_complete
                0x0000000000000540       0xe4 zephyr/libzephyr.a(onoff.c.obj)
 .text.process_event
                0x0000000000000624      0x3e0 zephyr/libzephyr.a(onoff.c.obj)
 .text.transition_complete
                0x0000000000000a04       0x6c zephyr/libzephyr.a(onoff.c.obj)
 .text.onoff_request
                0x0000000000000a70      0x17c zephyr/libzephyr.a(onoff.c.obj)
                0x0000000000000a70                onoff_request
 .text.cbvprintf
                0x0000000000000bec      0x9d4 zephyr/libzephyr.a(cbprintf_complete.c.obj)
                0x0000000000000bec                cbvprintf
 .text.sys_reboot
                0x00000000000015c0       0x28 zephyr/libzephyr.a(reboot.c.obj)
                0x00000000000015c0                sys_reboot
 .text.pm_system_resume
                0x00000000000015e8      0x140 zephyr/libzephyr.a(pm.c.obj)
                0x00000000000015e8                pm_system_resume
 .text.pm_system_suspend
                0x0000000000001728      0x1f0 zephyr/libzephyr.a(pm.c.obj)
                0x0000000000001728                pm_system_suspend
 .text.nrf_cc3xx_platform_abort_init
                0x0000000000001918       0x10 zephyr/libzephyr.a(nrf_cc3xx_platform_abort_zephyr.c.obj)
                0x0000000000001918                nrf_cc3xx_platform_abort_init
 .text.mutex_unlock_platform
                0x0000000000001928       0x50 zephyr/libzephyr.a(nrf_cc3xx_platform_mutex_zephyr.c.obj)
 .text.mutex_lock_platform
                0x0000000000001978       0x5c zephyr/libzephyr.a(nrf_cc3xx_platform_mutex_zephyr.c.obj)
 .text.mutex_free_platform
                0x00000000000019d4       0x4c zephyr/libzephyr.a(nrf_cc3xx_platform_mutex_zephyr.c.obj)
 .text.mutex_init_platform
                0x0000000000001a20       0x74 zephyr/libzephyr.a(nrf_cc3xx_platform_mutex_zephyr.c.obj)
 .text.nrf_cc3xx_platform_mutex_init
                0x0000000000001a94       0x28 zephyr/libzephyr.a(nrf_cc3xx_platform_mutex_zephyr.c.obj)
                0x0000000000001a94                nrf_cc3xx_platform_mutex_init
 .text.z_arm_cpu_idle_init
                0x0000000000001abc        0xc zephyr/arch/arch/arm/core/aarch32/libarch__arm__core__aarch32.a(cpu_idle.S.obj)
                0x0000000000001abc                z_arm_cpu_idle_init
 .text.arch_cpu_idle
                0x0000000000001ac8       0x1c zephyr/arch/arch/arm/core/aarch32/libarch__arm__core__aarch32.a(cpu_idle.S.obj)
                0x0000000000001ac8                arch_cpu_idle
 .text.arch_cpu_atomic_idle
                0x0000000000001ae4       0x14 zephyr/arch/arch/arm/core/aarch32/libarch__arm__core__aarch32.a(cpu_idle.S.obj)
                0x0000000000001ae4                arch_cpu_atomic_idle
 .text.arch_irq_enable
                0x0000000000001af8       0x20 zephyr/arch/arch/arm/core/aarch32/libarch__arm__core__aarch32.a(irq_manage.c.obj)
                0x0000000000001af8                arch_irq_enable
 .text.arch_irq_is_enabled
                0x0000000000001b18       0x1c zephyr/arch/arch/arm/core/aarch32/libarch__arm__core__aarch32.a(irq_manage.c.obj)
                0x0000000000001b18                arch_irq_is_enabled
 .text.z_arm_irq_priority_set
                0x0000000000001b34       0x6c zephyr/arch/arch/arm/core/aarch32/libarch__arm__core__aarch32.a(irq_manage.c.obj)
                0x0000000000001b34                z_arm_irq_priority_set
 .text.z_SysNmiOnReset
                0x0000000000001ba0        0x8 zephyr/arch/arch/arm/core/aarch32/libarch__arm__core__aarch32.a(nmi_on_reset.S.obj)
                0x0000000000001ba0                z_SysNmiOnReset
 .text.z_arm_prep_c
                0x0000000000001ba8       0x38 zephyr/arch/arch/arm/core/aarch32/libarch__arm__core__aarch32.a(prep_c.c.obj)
                0x0000000000001ba8                z_arm_prep_c
 .text.arch_swap
                0x0000000000001be0       0x38 zephyr/arch/arch/arm/core/aarch32/libarch__arm__core__aarch32.a(swap.c.obj)
                0x0000000000001be0                arch_swap
 .text.z_arm_pendsv
                0x0000000000001c18       0x58 zephyr/arch/arch/arm/core/aarch32/libarch__arm__core__aarch32.a(swap_helper.S.obj)
                0x0000000000001c18                z_arm_pendsv
 .text.z_arm_svc
                0x0000000000001c70       0x20 zephyr/arch/arch/arm/core/aarch32/libarch__arm__core__aarch32.a(swap_helper.S.obj)
                0x0000000000001c70                z_arm_svc
 .text.arch_new_thread
                0x0000000000001c90       0x40 zephyr/arch/arch/arm/core/aarch32/libarch__arm__core__aarch32.a(thread.c.obj)
                0x0000000000001c90                arch_new_thread
 .text.z_check_thread_stack_fail
                0x0000000000001cd0       0x60 zephyr/arch/arch/arm/core/aarch32/libarch__arm__core__aarch32.a(thread.c.obj)
                0x0000000000001cd0                z_check_thread_stack_fail
 .text.arch_switch_to_main_thread
                0x0000000000001d30       0x2c zephyr/arch/arch/arm/core/aarch32/libarch__arm__core__aarch32.a(thread.c.obj)
                0x0000000000001d30                arch_switch_to_main_thread
 .text._isr_wrapper
                0x0000000000001d5c       0x40 zephyr/arch/arch/arm/core/aarch32/libarch__arm__core__aarch32.a(isr_wrapper.S.obj)
                0x0000000000001d5c                _isr_wrapper
 .text._HandlerModeExit
                0x0000000000001d9c       0x1c zephyr/arch/arch/arm/core/aarch32/cortex_m/libarch__arm__core__aarch32__cortex_m.a(exc_exit.S.obj)
                0x0000000000001d9c                z_arm_exc_exit
                0x0000000000001d9c                z_arm_int_exit
 .text.bus_fault
                0x0000000000001db8       0x54 zephyr/arch/arch/arm/core/aarch32/cortex_m/libarch__arm__core__aarch32__cortex_m.a(fault.c.obj)
 .text.usage_fault
                0x0000000000001e0c       0x24 zephyr/arch/arch/arm/core/aarch32/cortex_m/libarch__arm__core__aarch32__cortex_m.a(fault.c.obj)
 .text.mem_manage_fault
                0x0000000000001e30       0xc8 zephyr/arch/arch/arm/core/aarch32/cortex_m/libarch__arm__core__aarch32__cortex_m.a(fault.c.obj)
 .text.hard_fault
                0x0000000000001ef8       0xd8 zephyr/arch/arch/arm/core/aarch32/cortex_m/libarch__arm__core__aarch32__cortex_m.a(fault.c.obj)
 .text.z_arm_fault
                0x0000000000001fd0       0xc8 zephyr/arch/arch/arm/core/aarch32/cortex_m/libarch__arm__core__aarch32__cortex_m.a(fault.c.obj)
                0x0000000000001fd0                z_arm_fault
 .text.z_arm_fault_init
                0x0000000000002098       0x10 zephyr/arch/arch/arm/core/aarch32/cortex_m/libarch__arm__core__aarch32__cortex_m.a(fault.c.obj)
                0x0000000000002098                z_arm_fault_init
 .text.__fault  0x00000000000020a8       0x14 zephyr/arch/arch/arm/core/aarch32/cortex_m/libarch__arm__core__aarch32__cortex_m.a(fault_s.S.obj)
                0x00000000000020a8                z_arm_bus_fault
                0x00000000000020a8                z_arm_usage_fault
                0x00000000000020a8                z_arm_mpu_fault
                0x00000000000020a8                z_arm_exc_spurious
                0x00000000000020a8                z_arm_debug_monitor
                0x00000000000020a8                z_arm_hard_fault
 .text.z_arm_interrupt_init
                0x00000000000020bc       0x34 zephyr/arch/arch/arm/core/aarch32/cortex_m/libarch__arm__core__aarch32__cortex_m.a(irq_init.c.obj)
                0x00000000000020bc                z_arm_interrupt_init
 .text._reset_section
                0x00000000000020f0       0x54 zephyr/arch/arch/arm/core/aarch32/cortex_m/libarch__arm__core__aarch32__cortex_m.a(reset.S.obj)
                0x00000000000020f0                z_arm_reset
                0x00000000000020f0                __start
 .text.z_arm_clear_arm_mpu_config
                0x0000000000002144       0x20 zephyr/arch/arch/arm/core/aarch32/cortex_m/libarch__arm__core__aarch32__cortex_m.a(scb.c.obj)
                0x0000000000002144                z_arm_clear_arm_mpu_config
 .text.z_arm_init_arch_hw_at_boot
                0x0000000000002164       0x54 zephyr/arch/arch/arm/core/aarch32/cortex_m/libarch__arm__core__aarch32__cortex_m.a(scb.c.obj)
                0x0000000000002164                z_arm_init_arch_hw_at_boot
 .text.z_impl_k_thread_abort
                0x00000000000021b8       0x2c zephyr/arch/arch/arm/core/aarch32/cortex_m/libarch__arm__core__aarch32__cortex_m.a(thread_abort.c.obj)
                0x00000000000021b8                z_impl_k_thread_abort
 .text.z_arm_configure_static_mpu_regions
                0x00000000000021e4       0x1c zephyr/arch/arch/arm/core/aarch32/mpu/libarch__arm__core__aarch32__mpu.a(arm_core_mpu.c.obj)
                0x00000000000021e4                z_arm_configure_static_mpu_regions
 .text.z_arm_configure_dynamic_mpu_regions
                0x0000000000002200       0x24 zephyr/arch/arch/arm/core/aarch32/mpu/libarch__arm__core__aarch32__mpu.a(arm_core_mpu.c.obj)
                0x0000000000002200                z_arm_configure_dynamic_mpu_regions
 .text.region_init
                0x0000000000002224       0x20 zephyr/arch/arch/arm/core/aarch32/mpu/libarch__arm__core__aarch32__mpu.a(arm_mpu.c.obj)
 .text.mpu_configure_static_mpu_regions
                0x0000000000002244       0x14 zephyr/arch/arch/arm/core/aarch32/mpu/libarch__arm__core__aarch32__mpu.a(arm_mpu.c.obj)
 .text.mpu_configure_dynamic_mpu_regions
                0x0000000000002258       0x30 zephyr/arch/arch/arm/core/aarch32/mpu/libarch__arm__core__aarch32__mpu.a(arm_mpu.c.obj)
 .text.arm_core_mpu_enable
                0x0000000000002288       0x14 zephyr/arch/arch/arm/core/aarch32/mpu/libarch__arm__core__aarch32__mpu.a(arm_mpu.c.obj)
                0x0000000000002288                arm_core_mpu_enable
 .text.arm_core_mpu_disable
                0x000000000000229c       0x10 zephyr/arch/arch/arm/core/aarch32/mpu/libarch__arm__core__aarch32__mpu.a(arm_mpu.c.obj)
                0x000000000000229c                arm_core_mpu_disable
 .text.arm_core_mpu_configure_static_mpu_regions
                0x00000000000022ac       0x44 zephyr/arch/arch/arm/core/aarch32/mpu/libarch__arm__core__aarch32__mpu.a(arm_mpu.c.obj)
                0x00000000000022ac                arm_core_mpu_configure_static_mpu_regions
 .text.arm_core_mpu_configure_dynamic_mpu_regions
                0x00000000000022f0       0x44 zephyr/arch/arch/arm/core/aarch32/mpu/libarch__arm__core__aarch32__mpu.a(arm_mpu.c.obj)
                0x00000000000022f0                arm_core_mpu_configure_dynamic_mpu_regions
 .text.z_arm_mpu_init
                0x0000000000002334       0xb4 zephyr/arch/arch/arm/core/aarch32/mpu/libarch__arm__core__aarch32__mpu.a(arm_mpu.c.obj)
                0x0000000000002334                z_arm_mpu_init
 .text.__stdout_hook_install
                0x00000000000023e8        0xc zephyr/lib/libc/minimal/liblib__libc__minimal.a(stdout_console.c.obj)
                0x00000000000023e8                __stdout_hook_install
 .text.nrf52_errata_197
                0x00000000000023f4       0x24 zephyr/soc/arm/nordic_nrf/nrf52/libsoc__arm__nordic_nrf__nrf52.a(soc.c.obj)
 .text.nordicsemi_nrf52_init
                0x0000000000002418       0x4c zephyr/soc/arm/nordic_nrf/nrf52/libsoc__arm__nordic_nrf__nrf52.a(soc.c.obj)
 .text.sys_arch_reboot
                0x0000000000002464       0x2c zephyr/soc/arm/nordic_nrf/nrf52/libsoc__arm__nordic_nrf__nrf52.a(soc.c.obj)
                0x0000000000002464                sys_arch_reboot
 .text.arch_busy_wait
                0x0000000000002490       0x18 zephyr/soc/arm/nordic_nrf/nrf52/libsoc__arm__nordic_nrf__nrf52.a(soc.c.obj)
                0x0000000000002490                arch_busy_wait
 .text.get_hf_flags
                0x00000000000024a8        0x8 zephyr/drivers/clock_control/libdrivers__clock_control.a(clock_control_nrf.c.obj)
 .text.get_subsys
                0x00000000000024b0        0xc zephyr/drivers/clock_control/libdrivers__clock_control.a(clock_control_nrf.c.obj)
 .text.onoff_start
                0x00000000000024bc       0x34 zephyr/drivers/clock_control/libdrivers__clock_control.a(clock_control_nrf.c.obj)
 .text.generic_hfclk_stop
                0x00000000000024f0       0x30 zephyr/drivers/clock_control/libdrivers__clock_control.a(clock_control_nrf.c.obj)
 .text.generic_hfclk_start
                0x0000000000002520       0x68 zephyr/drivers/clock_control/libdrivers__clock_control.a(clock_control_nrf.c.obj)
 .text.get_status
                0x0000000000002588       0x40 zephyr/drivers/clock_control/libdrivers__clock_control.a(clock_control_nrf.c.obj)
 .text.stop     0x00000000000025c8       0x60 zephyr/drivers/clock_control/libdrivers__clock_control.a(clock_control_nrf.c.obj)
 .text.onoff_stop
                0x0000000000002628       0x20 zephyr/drivers/clock_control/libdrivers__clock_control.a(clock_control_nrf.c.obj)
 .text.clock_event_handler
                0x0000000000002648       0x78 zephyr/drivers/clock_control/libdrivers__clock_control.a(clock_control_nrf.c.obj)
 .text.api_blocking_start
                0x00000000000026c0       0x38 zephyr/drivers/clock_control/libdrivers__clock_control.a(clock_control_nrf.c.obj)
 .text.clk_init
                0x00000000000026f8       0x68 zephyr/drivers/clock_control/libdrivers__clock_control.a(clock_control_nrf.c.obj)
 .text.lfclk_spinwait
                0x0000000000002760       0xe8 zephyr/drivers/clock_control/libdrivers__clock_control.a(clock_control_nrf.c.obj)
 .text.z_nrf_clock_control_lf_on
                0x0000000000002848       0xa0 zephyr/drivers/clock_control/libdrivers__clock_control.a(clock_control_nrf.c.obj)
                0x0000000000002848                z_nrf_clock_control_lf_on
 .text.console_out
                0x00000000000028e8       0x2c zephyr/drivers/console/libdrivers__console.a(uart_console.c.obj)
 .text.uart_console_hook_install
                0x0000000000002914       0x18 zephyr/drivers/console/libdrivers__console.a(uart_console.c.obj)
 .text.uart_console_init
                0x000000000000292c       0x24 zephyr/drivers/console/libdrivers__console.a(uart_console.c.obj)
 .text.get_drive
                0x0000000000002950       0x8c zephyr/drivers/gpio/libdrivers__gpio.a(gpio_nrfx.c.obj)
 .text.get_dev  0x00000000000029dc       0x1c zephyr/drivers/gpio/libdrivers__gpio.a(gpio_nrfx.c.obj)
 .text.gpio_nrfx_manage_callback
                0x00000000000029f8       0xcc zephyr/drivers/gpio/libdrivers__gpio.a(gpio_nrfx.c.obj)
 .text.nrfx_gpio_handler
                0x0000000000002ac4       0x88 zephyr/drivers/gpio/libdrivers__gpio.a(gpio_nrfx.c.obj)
 .text.gpio_nrfx_pin_interrupt_configure
                0x0000000000002b4c      0x134 zephyr/drivers/gpio/libdrivers__gpio.a(gpio_nrfx.c.obj)
 .text.pin_uninit
                0x0000000000002c80       0x48 zephyr/drivers/gpio/libdrivers__gpio.a(gpio_nrfx.c.obj)
 .text.gpio_nrfx_pin_configure
                0x0000000000002cc8      0x104 zephyr/drivers/gpio/libdrivers__gpio.a(gpio_nrfx.c.obj)
 .text.gpio_nrfx_init
                0x0000000000002dcc       0x3c zephyr/drivers/gpio/libdrivers__gpio.a(gpio_nrfx.c.obj)
 .text.baudrate_set
                0x0000000000002e08      0x150 zephyr/drivers/serial/libdrivers__serial.a(uart_nrfx_uarte.c.obj)
 .text.uarte_nrfx_poll_out
                0x0000000000002f58       0x70 zephyr/drivers/serial/libdrivers__serial.a(uart_nrfx_uarte.c.obj)
 .text.endtx_stoptx_ppi_init
                0x0000000000002fc8       0x48 zephyr/drivers/serial/libdrivers__serial.a(uart_nrfx_uarte.c.obj)
 .text.uarte_nrfx_pins_configure
                0x0000000000003010      0x5b8 zephyr/drivers/serial/libdrivers__serial.a(uart_nrfx_uarte.c.obj)
 .text.set_comparator
                0x00000000000035c8       0x14 zephyr/drivers/timer/libdrivers__timer.a(nrf_rtc_timer.c.obj)
 .text.get_comparator
                0x00000000000035dc       0x10 zephyr/drivers/timer/libdrivers__timer.a(nrf_rtc_timer.c.obj)
 .text.event_enable
                0x00000000000035ec       0x14 zephyr/drivers/timer/libdrivers__timer.a(nrf_rtc_timer.c.obj)
 .text.event_disable
                0x0000000000003600       0x14 zephyr/drivers/timer/libdrivers__timer.a(nrf_rtc_timer.c.obj)
 .text.counter  0x0000000000003614        0xc zephyr/drivers/timer/libdrivers__timer.a(nrf_rtc_timer.c.obj)
 .text.compare_int_lock
                0x0000000000003620       0x50 zephyr/drivers/timer/libdrivers__timer.a(nrf_rtc_timer.c.obj)
 .text.channel_processing_check_and_clear
                0x0000000000003670       0x78 zephyr/drivers/timer/libdrivers__timer.a(nrf_rtc_timer.c.obj)
 .text.compare_int_unlock
                0x00000000000036e8       0x60 zephyr/drivers/timer/libdrivers__timer.a(nrf_rtc_timer.c.obj)
 .text.sys_clock_timeout_handler
                0x0000000000003748       0x74 zephyr/drivers/timer/libdrivers__timer.a(nrf_rtc_timer.c.obj)
 .text.z_nrf_rtc_timer_read
                0x00000000000037bc       0x40 zephyr/drivers/timer/libdrivers__timer.a(nrf_rtc_timer.c.obj)
                0x00000000000037bc                z_nrf_rtc_timer_read
 .text.compare_set_nolocks
                0x00000000000037fc       0xa4 zephyr/drivers/timer/libdrivers__timer.a(nrf_rtc_timer.c.obj)
 .text.sys_clock_driver_init
                0x00000000000038a0       0x9c zephyr/drivers/timer/libdrivers__timer.a(nrf_rtc_timer.c.obj)
 .text.process_channel
                0x000000000000393c       0x74 zephyr/drivers/timer/libdrivers__timer.a(nrf_rtc_timer.c.obj)
 .text.rtc_nrf_isr
                0x00000000000039b0       0x44 zephyr/drivers/timer/libdrivers__timer.a(nrf_rtc_timer.c.obj)
                0x00000000000039b0                rtc_nrf_isr
 .text.sys_clock_set_timeout
                0x00000000000039f4       0x68 zephyr/drivers/timer/libdrivers__timer.a(nrf_rtc_timer.c.obj)
                0x00000000000039f4                sys_clock_set_timeout
 .text.sys_clock_elapsed
                0x0000000000003a5c       0x14 zephyr/drivers/timer/libdrivers__timer.a(nrf_rtc_timer.c.obj)
                0x0000000000003a5c                sys_clock_elapsed
 .text.nrf52_errata_36
                0x0000000000003a70       0x14 modules/hal_nordic/nrfx/libmodules__hal_nordic__nrfx.a(system_nrf52840.c.obj)
 .text.nrf52_errata_66
                0x0000000000003a84       0x14 modules/hal_nordic/nrfx/libmodules__hal_nordic__nrfx.a(system_nrf52840.c.obj)
 .text.nrf52_errata_98
                0x0000000000003a98       0x28 modules/hal_nordic/nrfx/libmodules__hal_nordic__nrfx.a(system_nrf52840.c.obj)
 .text.nrf52_errata_103
                0x0000000000003ac0       0x28 modules/hal_nordic/nrfx/libmodules__hal_nordic__nrfx.a(system_nrf52840.c.obj)
 .text.nrf52_errata_115
                0x0000000000003ae8       0x28 modules/hal_nordic/nrfx/libmodules__hal_nordic__nrfx.a(system_nrf52840.c.obj)
 .text.nrf52_errata_120
                0x0000000000003b10       0x28 modules/hal_nordic/nrfx/libmodules__hal_nordic__nrfx.a(system_nrf52840.c.obj)
 .text.nrf52_errata_136
                0x0000000000003b38       0x14 modules/hal_nordic/nrfx/libmodules__hal_nordic__nrfx.a(system_nrf52840.c.obj)
 .text.nrf52_configuration_249
                0x0000000000003b4c       0x24 modules/hal_nordic/nrfx/libmodules__hal_nordic__nrfx.a(system_nrf52840.c.obj)
 .text.nvmc_wait
                0x0000000000003b70       0x10 modules/hal_nordic/nrfx/libmodules__hal_nordic__nrfx.a(system_nrf52840.c.obj)
                0x0000000000003b70                nvmc_wait
 .text.nvmc_config
                0x0000000000003b80       0x14 modules/hal_nordic/nrfx/libmodules__hal_nordic__nrfx.a(system_nrf52840.c.obj)
                0x0000000000003b80                nvmc_config
 .text.SystemCoreClockUpdate
                0x0000000000003b94       0x10 modules/hal_nordic/nrfx/libmodules__hal_nordic__nrfx.a(system_nrf52840.c.obj)
                0x0000000000003b94                SystemCoreClockUpdate
 .text.SystemInit
                0x0000000000003ba4      0x1a8 modules/hal_nordic/nrfx/libmodules__hal_nordic__nrfx.a(system_nrf52840.c.obj)
                0x0000000000003ba4                SystemInit
 .text.nrfx_flag32_alloc
                0x0000000000003d4c       0x48 modules/hal_nordic/nrfx/libmodules__hal_nordic__nrfx.a(nrfx_flag32_allocator.c.obj)
                0x0000000000003d4c                nrfx_flag32_alloc
 .text.nrfx_flag32_free
                0x0000000000003d94       0x48 modules/hal_nordic/nrfx/libmodules__hal_nordic__nrfx.a(nrfx_flag32_allocator.c.obj)
                0x0000000000003d94                nrfx_flag32_free
 .text.nrfx_clock_init
                0x0000000000003ddc       0x50 modules/hal_nordic/nrfx/libmodules__hal_nordic__nrfx.a(nrfx_clock.c.obj)
                0x0000000000003ddc                nrfx_clock_init
 .text.nrfx_clock_enable
                0x0000000000003e2c       0x40 modules/hal_nordic/nrfx/libmodules__hal_nordic__nrfx.a(nrfx_clock.c.obj)
                0x0000000000003e2c                nrfx_clock_enable
 .text.nrfx_clock_start
                0x0000000000003e6c       0xcc modules/hal_nordic/nrfx/libmodules__hal_nordic__nrfx.a(nrfx_clock.c.obj)
                0x0000000000003e6c                nrfx_clock_start
 .text.nrfx_clock_stop
                0x0000000000003f38      0x1a0 modules/hal_nordic/nrfx/libmodules__hal_nordic__nrfx.a(nrfx_clock.c.obj)
                0x0000000000003f38                nrfx_clock_stop
 .text.nrfx_power_clock_irq_handler
                0x00000000000040d8       0x7c modules/hal_nordic/nrfx/libmodules__hal_nordic__nrfx.a(nrfx_clock.c.obj)
                0x00000000000040d8                nrfx_power_clock_irq_handler
 .text.pin_in_use
                0x0000000000004154       0x14 modules/hal_nordic/nrfx/libmodules__hal_nordic__nrfx.a(nrfx_gpiote.c.obj)
 .text.pin_in_use_by_te
                0x0000000000004168       0x14 modules/hal_nordic/nrfx/libmodules__hal_nordic__nrfx.a(nrfx_gpiote.c.obj)
 .text.pin_has_trigger
                0x000000000000417c       0x18 modules/hal_nordic/nrfx/libmodules__hal_nordic__nrfx.a(nrfx_gpiote.c.obj)
 .text.pin_is_output
                0x0000000000004194       0x14 modules/hal_nordic/nrfx/libmodules__hal_nordic__nrfx.a(nrfx_gpiote.c.obj)
 .text.pin_te_get
                0x00000000000041a8       0x10 modules/hal_nordic/nrfx/libmodules__hal_nordic__nrfx.a(nrfx_gpiote.c.obj)
 .text.handler_in_use
                0x00000000000041b8       0x34 modules/hal_nordic/nrfx/libmodules__hal_nordic__nrfx.a(nrfx_gpiote.c.obj)
 .text.find_handler
                0x00000000000041ec       0x2c modules/hal_nordic/nrfx/libmodules__hal_nordic__nrfx.a(nrfx_gpiote.c.obj)
 .text.channel_handler_get
                0x0000000000004218       0x20 modules/hal_nordic/nrfx/libmodules__hal_nordic__nrfx.a(nrfx_gpiote.c.obj)
 .text.call_handler
                0x0000000000004238       0x2c modules/hal_nordic/nrfx/libmodules__hal_nordic__nrfx.a(nrfx_gpiote.c.obj)
 .text.latch_pending_read_and_check
                0x0000000000004264       0x54 modules/hal_nordic/nrfx/libmodules__hal_nordic__nrfx.a(nrfx_gpiote.c.obj)
 .text.release_handler
                0x00000000000042b8       0x74 modules/hal_nordic/nrfx/libmodules__hal_nordic__nrfx.a(nrfx_gpiote.c.obj)
 .text.pin_handler_trigger_uninit
                0x000000000000432c       0x38 modules/hal_nordic/nrfx/libmodules__hal_nordic__nrfx.a(nrfx_gpiote.c.obj)
 .text.pin_handler_set
                0x0000000000004364       0x6c modules/hal_nordic/nrfx/libmodules__hal_nordic__nrfx.a(nrfx_gpiote.c.obj)
 .text.gpiote_evt_handle
                0x00000000000043d0       0x40 modules/hal_nordic/nrfx/libmodules__hal_nordic__nrfx.a(nrfx_gpiote.c.obj)
 .text.next_sense_cond_call_handler
                0x0000000000004410      0x284 modules/hal_nordic/nrfx/libmodules__hal_nordic__nrfx.a(nrfx_gpiote.c.obj)
 .text.port_event_handle
                0x0000000000004694      0x1b8 modules/hal_nordic/nrfx/libmodules__hal_nordic__nrfx.a(nrfx_gpiote.c.obj)
 .text.nrfx_gpiote_input_configure
                0x000000000000484c      0x1e4 modules/hal_nordic/nrfx/libmodules__hal_nordic__nrfx.a(nrfx_gpiote.c.obj)
                0x000000000000484c                nrfx_gpiote_input_configure
 .text.nrfx_gpiote_output_configure
                0x0000000000004a30      0x1f4 modules/hal_nordic/nrfx/libmodules__hal_nordic__nrfx.a(nrfx_gpiote.c.obj)
                0x0000000000004a30                nrfx_gpiote_output_configure
 .text.nrfx_gpiote_global_callback_set
                0x0000000000004c24        0xc modules/hal_nordic/nrfx/libmodules__hal_nordic__nrfx.a(nrfx_gpiote.c.obj)
                0x0000000000004c24                nrfx_gpiote_global_callback_set
 .text.nrfx_gpiote_channel_get
                0x0000000000004c30       0x58 modules/hal_nordic/nrfx/libmodules__hal_nordic__nrfx.a(nrfx_gpiote.c.obj)
                0x0000000000004c30                nrfx_gpiote_channel_get
 .text.nrfx_gpiote_init
                0x0000000000004c88       0x54 modules/hal_nordic/nrfx/libmodules__hal_nordic__nrfx.a(nrfx_gpiote.c.obj)
                0x0000000000004c88                nrfx_gpiote_init
 .text.nrfx_gpiote_is_init
                0x0000000000004cdc       0x14 modules/hal_nordic/nrfx/libmodules__hal_nordic__nrfx.a(nrfx_gpiote.c.obj)
                0x0000000000004cdc                nrfx_gpiote_is_init
 .text.nrfx_gpiote_channel_free
                0x0000000000004cf0       0x10 modules/hal_nordic/nrfx/libmodules__hal_nordic__nrfx.a(nrfx_gpiote.c.obj)
                0x0000000000004cf0                nrfx_gpiote_channel_free
 .text.nrfx_gpiote_channel_alloc
                0x0000000000004d00       0x10 modules/hal_nordic/nrfx/libmodules__hal_nordic__nrfx.a(nrfx_gpiote.c.obj)
                0x0000000000004d00                nrfx_gpiote_channel_alloc
 .text.nrfx_gpiote_trigger_enable
                0x0000000000004d10      0x218 modules/hal_nordic/nrfx/libmodules__hal_nordic__nrfx.a(nrfx_gpiote.c.obj)
                0x0000000000004d10                nrfx_gpiote_trigger_enable
 .text.nrfx_gpiote_trigger_disable
                0x0000000000004f28       0xd0 modules/hal_nordic/nrfx/libmodules__hal_nordic__nrfx.a(nrfx_gpiote.c.obj)
                0x0000000000004f28                nrfx_gpiote_trigger_disable
 .text.nrfx_gpiote_pin_uninit
                0x0000000000004ff8       0xb8 modules/hal_nordic/nrfx/libmodules__hal_nordic__nrfx.a(nrfx_gpiote.c.obj)
                0x0000000000004ff8                nrfx_gpiote_pin_uninit
 .text.nrfx_gpiote_irq_handler
                0x00000000000050b0       0x60 modules/hal_nordic/nrfx/libmodules__hal_nordic__nrfx.a(nrfx_gpiote.c.obj)
                0x00000000000050b0                nrfx_gpiote_irq_handler
 .text.nrfx_ppi_channel_alloc
                0x0000000000005110       0x10 modules/hal_nordic/nrfx/libmodules__hal_nordic__nrfx.a(nrfx_ppi.c.obj)
                0x0000000000005110                nrfx_ppi_channel_alloc
 .text._DoInit  0x0000000000005120       0x6c modules/segger/libmodules__segger.a(SEGGER_RTT.c.obj)
 .text.z_device_state_init
                0x000000000000518c       0x18 zephyr/kernel/libkernel.a(device.c.obj)
                0x000000000000518c                z_device_state_init
 .text.z_sys_init_run_level
                0x00000000000051a4       0x50 zephyr/kernel/libkernel.a(device.c.obj)
                0x00000000000051a4                z_sys_init_run_level
 .text.z_fatal_error
                0x00000000000051f4       0x68 zephyr/kernel/libkernel.a(fatal.c.obj)
                0x00000000000051f4                z_fatal_error
 .text.init_idle_thread
                0x000000000000525c       0x70 zephyr/kernel/libkernel.a(init.c.obj)
 .text.prepare_multithreading
                0x00000000000052cc       0x94 zephyr/kernel/libkernel.a(init.c.obj)
 .text.bg_thread_main
                0x0000000000005360       0x34 zephyr/kernel/libkernel.a(init.c.obj)
 .text.switch_to_main_thread
                0x0000000000005394       0x14 zephyr/kernel/libkernel.a(init.c.obj)
 .text.z_bss_zero
                0x00000000000053a8       0x18 zephyr/kernel/libkernel.a(init.c.obj)
                0x00000000000053a8                z_bss_zero
 .text.z_cstart
                0x00000000000053c0       0x84 zephyr/kernel/libkernel.a(init.c.obj)
                0x00000000000053c0                z_cstart
 .text.init_mem_slab_module
                0x0000000000005444       0x5c zephyr/kernel/libkernel.a(mem_slab.c.obj)
 .text.k_mem_slab_alloc
                0x00000000000054a0       0xe8 zephyr/kernel/libkernel.a(mem_slab.c.obj)
                0x00000000000054a0                k_mem_slab_alloc
 .text.k_mem_slab_free
                0x0000000000005588       0xd0 zephyr/kernel/libkernel.a(mem_slab.c.obj)
                0x0000000000005588                k_mem_slab_free
 .text.schedule_new_thread
                0x0000000000005658       0x24 zephyr/kernel/libkernel.a(thread.c.obj)
 .text.z_spin_lock_valid
                0x000000000000567c       0x20 zephyr/kernel/libkernel.a(thread.c.obj)
                0x000000000000567c                z_spin_lock_valid
 .text.z_spin_unlock_valid
                0x000000000000569c       0x20 zephyr/kernel/libkernel.a(thread.c.obj)
                0x000000000000569c                z_spin_unlock_valid
 .text.z_spin_lock_set_owner
                0x00000000000056bc       0x10 zephyr/kernel/libkernel.a(thread.c.obj)
                0x00000000000056bc                z_spin_lock_set_owner
 .text.z_thread_monitor_exit
                0x00000000000056cc       0xb4 zephyr/kernel/libkernel.a(thread.c.obj)
                0x00000000000056cc                z_thread_monitor_exit
 .text.z_setup_new_thread
                0x0000000000005780      0x18c zephyr/kernel/libkernel.a(thread.c.obj)
                0x0000000000005780                z_setup_new_thread
 .text.z_init_static_threads
                0x000000000000590c       0xfc zephyr/kernel/libkernel.a(thread.c.obj)
                0x000000000000590c                z_init_static_threads
 .text.idle     0x0000000000005a08       0x5c zephyr/kernel/libkernel.a(idle.c.obj)
                0x0000000000005a08                idle
 .text.z_impl_k_mutex_lock
                0x0000000000005a64      0x240 zephyr/kernel/libkernel.a(mutex.c.obj)
                0x0000000000005a64                z_impl_k_mutex_lock
 .text.z_impl_k_mutex_unlock
                0x0000000000005ca4      0x1a8 zephyr/kernel/libkernel.a(mutex.c.obj)
                0x0000000000005ca4                z_impl_k_mutex_unlock
 .text.z_impl_k_sem_give
                0x0000000000005e4c       0x88 zephyr/kernel/libkernel.a(sem.c.obj)
                0x0000000000005e4c                z_impl_k_sem_give
 .text.z_impl_k_sem_take
                0x0000000000005ed4      0x12c zephyr/kernel/libkernel.a(sem.c.obj)
                0x0000000000005ed4                z_impl_k_sem_take
 .text.pended_on_thread
                0x0000000000006000       0x34 zephyr/kernel/libkernel.a(sched.c.obj)
 .text.add_thread_timeout
                0x0000000000006034       0x20 zephyr/kernel/libkernel.a(sched.c.obj)
 .text.z_reset_time_slice
                0x0000000000006054       0x2c zephyr/kernel/libkernel.a(sched.c.obj)
                0x0000000000006054                z_reset_time_slice
 .text.k_sched_time_slice_set
                0x0000000000006080       0xe8 zephyr/kernel/libkernel.a(sched.c.obj)
                0x0000000000006080                k_sched_time_slice_set
 .text.z_reschedule
                0x0000000000006168       0x9c zephyr/kernel/libkernel.a(sched.c.obj)
                0x0000000000006168                z_reschedule
 .text.k_sched_lock
                0x0000000000006204      0x104 zephyr/kernel/libkernel.a(sched.c.obj)
                0x0000000000006204                k_sched_lock
 .text.z_priq_dumb_remove
                0x0000000000006308       0x48 zephyr/kernel/libkernel.a(sched.c.obj)
                0x0000000000006308                z_priq_dumb_remove
 .text.update_cache
                0x0000000000006350       0x80 zephyr/kernel/libkernel.a(sched.c.obj)
 .text.move_thread_to_end_of_prio_q
                0x00000000000063d0       0xb8 zephyr/kernel/libkernel.a(sched.c.obj)
 .text.z_time_slice
                0x0000000000006488      0x138 zephyr/kernel/libkernel.a(sched.c.obj)
                0x0000000000006488                z_time_slice
 .text.ready_thread
                0x00000000000065c0       0xac zephyr/kernel/libkernel.a(sched.c.obj)
 .text.z_ready_thread
                0x000000000000666c       0xac zephyr/kernel/libkernel.a(sched.c.obj)
                0x000000000000666c                z_ready_thread
 .text.z_sched_start
                0x0000000000006718       0xb0 zephyr/kernel/libkernel.a(sched.c.obj)
                0x0000000000006718                z_sched_start
 .text.z_thread_timeout
                0x00000000000067c8       0xe0 zephyr/kernel/libkernel.a(sched.c.obj)
                0x00000000000067c8                z_thread_timeout
 .text.unready_thread
                0x00000000000068a8       0x38 zephyr/kernel/libkernel.a(sched.c.obj)
 .text.add_to_waitq_locked
                0x00000000000068e0       0x84 zephyr/kernel/libkernel.a(sched.c.obj)
 .text.pend     0x0000000000006964       0xb8 zephyr/kernel/libkernel.a(sched.c.obj)
 .text.z_pend_curr
                0x0000000000006a1c       0x60 zephyr/kernel/libkernel.a(sched.c.obj)
                0x0000000000006a1c                z_pend_curr
 .text.z_set_prio
                0x0000000000006a7c      0x160 zephyr/kernel/libkernel.a(sched.c.obj)
                0x0000000000006a7c                z_set_prio
 .text.z_impl_k_thread_suspend
                0x0000000000006bdc       0xf8 zephyr/kernel/libkernel.a(sched.c.obj)
                0x0000000000006bdc                z_impl_k_thread_suspend
 .text.k_sched_unlock
                0x0000000000006cd4      0x128 zephyr/kernel/libkernel.a(sched.c.obj)
                0x0000000000006cd4                k_sched_unlock
 .text.end_thread
                0x0000000000006dfc       0x9c zephyr/kernel/libkernel.a(sched.c.obj)
 .text.z_unpend_first_thread
                0x0000000000006e98       0xc8 zephyr/kernel/libkernel.a(sched.c.obj)
                0x0000000000006e98                z_unpend_first_thread
 .text.z_sched_init
                0x0000000000006f60       0x18 zephyr/kernel/libkernel.a(sched.c.obj)
                0x0000000000006f60                z_sched_init
 .text.z_impl_k_yield
                0x0000000000006f78      0x15c zephyr/kernel/libkernel.a(sched.c.obj)
                0x0000000000006f78                z_impl_k_yield
 .text.z_tick_sleep
                0x00000000000070d4      0x184 zephyr/kernel/libkernel.a(sched.c.obj)
 .text.z_impl_k_sleep
                0x0000000000007258       0x98 zephyr/kernel/libkernel.a(sched.c.obj)
                0x0000000000007258                z_impl_k_sleep
 .text.z_impl_z_current_get
                0x00000000000072f0        0xc zephyr/kernel/libkernel.a(sched.c.obj)
                0x00000000000072f0                z_impl_z_current_get
 .text.z_thread_abort
                0x00000000000072fc      0x144 zephyr/kernel/libkernel.a(sched.c.obj)
                0x00000000000072fc                z_thread_abort
 .text.z_data_copy
                0x0000000000007440       0x34 zephyr/kernel/libkernel.a(xip.c.obj)
                0x0000000000007440                z_data_copy
 .text.first    0x0000000000007474       0x14 zephyr/kernel/libkernel.a(timeout.c.obj)
 .text.next     0x0000000000007488       0x18 zephyr/kernel/libkernel.a(timeout.c.obj)
 .text.elapsed  0x00000000000074a0       0x18 zephyr/kernel/libkernel.a(timeout.c.obj)
 .text.next_timeout
                0x00000000000074b8       0x4c zephyr/kernel/libkernel.a(timeout.c.obj)
 .text.z_add_timeout
                0x0000000000007504      0x1f8 zephyr/kernel/libkernel.a(timeout.c.obj)
                0x0000000000007504                z_add_timeout
 .text.z_abort_timeout
                0x00000000000076fc       0xb4 zephyr/kernel/libkernel.a(timeout.c.obj)
                0x00000000000076fc                z_abort_timeout
 .text.z_get_next_timeout_expiry
                0x00000000000077b0       0xa4 zephyr/kernel/libkernel.a(timeout.c.obj)
                0x00000000000077b0                z_get_next_timeout_expiry
 .text.z_set_timeout_expiry
                0x0000000000007854       0xcc zephyr/kernel/libkernel.a(timeout.c.obj)
                0x0000000000007854                z_set_timeout_expiry
 .text.sys_clock_announce
                0x0000000000007920      0x190 zephyr/kernel/libkernel.a(timeout.c.obj)
                0x0000000000007920                sys_clock_announce
 .text.sys_clock_tick_get
                0x0000000000007ab0       0xb4 zephyr/kernel/libkernel.a(timeout.c.obj)
                0x0000000000007ab0                sys_clock_tick_get
 .text.boot_banner
                0x0000000000007b64       0x1c zephyr/kernel/libkernel.a(banner.c.obj)
                0x0000000000007b64                boot_banner
 .text.nrf_cc3xx_platform_init_no_rng
                0x0000000000007b80       0x38 /opt/nordic/ncs/v1.9.1/nrfxlib/crypto/nrf_cc310_platform/lib/cortex-m4/soft-float/no-interrupts/libnrf_cc310_platform_0.9.13.a(nrf_cc3xx_platform.c.obj)
                0x0000000000007b80                nrf_cc3xx_platform_init_no_rng
 .text.nrf_cc3xx_platform_abort
                0x0000000000007bb8       0x24 /opt/nordic/ncs/v1.9.1/nrfxlib/crypto/nrf_cc310_platform/lib/cortex-m4/soft-float/no-interrupts/libnrf_cc310_platform_0.9.13.a(nrf_cc3xx_platform_abort.c.obj)
 .text.CC_PalAbort
                0x0000000000007bdc       0x40 /opt/nordic/ncs/v1.9.1/nrfxlib/crypto/nrf_cc310_platform/lib/cortex-m4/soft-float/no-interrupts/libnrf_cc310_platform_0.9.13.a(nrf_cc3xx_platform_abort.c.obj)
                0x0000000000007bdc                CC_PalAbort
 .text.nrf_cc3xx_platform_set_abort
                0x0000000000007c1c       0x10 /opt/nordic/ncs/v1.9.1/nrfxlib/crypto/nrf_cc310_platform/lib/cortex-m4/soft-float/no-interrupts/libnrf_cc310_platform_0.9.13.a(nrf_cc3xx_platform_abort.c.obj)
                0x0000000000007c1c                nrf_cc3xx_platform_set_abort
 .text.mutex_free
                0x0000000000007c2c       0x28 /opt/nordic/ncs/v1.9.1/nrfxlib/crypto/nrf_cc310_platform/lib/cortex-m4/soft-float/no-interrupts/libnrf_cc310_platform_0.9.13.a(nrf_cc3xx_platform_mutex.c.obj)
 .text.mutex_unlock
                0x0000000000007c54       0x2c /opt/nordic/ncs/v1.9.1/nrfxlib/crypto/nrf_cc310_platform/lib/cortex-m4/soft-float/no-interrupts/libnrf_cc310_platform_0.9.13.a(nrf_cc3xx_platform_mutex.c.obj)
 .text.mutex_init
                0x0000000000007c80       0x1c /opt/nordic/ncs/v1.9.1/nrfxlib/crypto/nrf_cc310_platform/lib/cortex-m4/soft-float/no-interrupts/libnrf_cc310_platform_0.9.13.a(nrf_cc3xx_platform_mutex.c.obj)
 .text.mutex_lock
                0x0000000000007c9c       0x44 /opt/nordic/ncs/v1.9.1/nrfxlib/crypto/nrf_cc310_platform/lib/cortex-m4/soft-float/no-interrupts/libnrf_cc310_platform_0.9.13.a(nrf_cc3xx_platform_mutex.c.obj)
 .text.nrf_cc3xx_platform_set_mutexes
                0x0000000000007ce0       0x60 /opt/nordic/ncs/v1.9.1/nrfxlib/crypto/nrf_cc310_platform/lib/cortex-m4/soft-float/no-interrupts/libnrf_cc310_platform_0.9.13.a(nrf_cc3xx_platform_mutex.c.obj)
                0x0000000000007ce0                nrf_cc3xx_platform_set_mutexes
 .text.CC_LibInitNoRng
                0x0000000000007d40       0x6c /opt/nordic/ncs/v1.9.1/nrfxlib/crypto/nrf_cc310_platform/lib/cortex-m4/soft-float/no-interrupts/libnrf_cc310_platform_0.9.13.a(cc_lib.c.obj)
                0x0000000000007d40                CC_LibInitNoRng
 .text.CC_HalInit
                0x0000000000007dac        0x4 /opt/nordic/ncs/v1.9.1/nrfxlib/crypto/nrf_cc310_platform/lib/cortex-m4/soft-float/no-interrupts/libnrf_cc310_platform_0.9.13.a(cc_hal.c.obj)
                0x0000000000007dac                CC_HalInit
 .text.CC_HalTerminate
                0x0000000000007db0        0x4 /opt/nordic/ncs/v1.9.1/nrfxlib/crypto/nrf_cc310_platform/lib/cortex-m4/soft-float/no-interrupts/libnrf_cc310_platform_0.9.13.a(cc_hal.c.obj)
                0x0000000000007db0                CC_HalTerminate
 .text.CC_HalMaskInterrupt
                0x0000000000007db4        0xc /opt/nordic/ncs/v1.9.1/nrfxlib/crypto/nrf_cc310_platform/lib/cortex-m4/soft-float/no-interrupts/libnrf_cc310_platform_0.9.13.a(cc_hal.c.obj)
                0x0000000000007db4                CC_HalMaskInterrupt
 .text.CC_PalInit
                0x0000000000007dc0       0x5c /opt/nordic/ncs/v1.9.1/nrfxlib/crypto/nrf_cc310_platform/lib/cortex-m4/soft-float/no-interrupts/libnrf_cc310_platform_0.9.13.a(cc_pal.c.obj)
                0x0000000000007dc0                CC_PalInit
 .text.CC_PalTerminate
                0x0000000000007e1c       0x34 /opt/nordic/ncs/v1.9.1/nrfxlib/crypto/nrf_cc310_platform/lib/cortex-m4/soft-float/no-interrupts/libnrf_cc310_platform_0.9.13.a(cc_pal.c.obj)
                0x0000000000007e1c                CC_PalTerminate
 .text.CC_PalDmaInit
                0x0000000000007e50        0x4 /opt/nordic/ncs/v1.9.1/nrfxlib/crypto/nrf_cc310_platform/lib/cortex-m4/soft-float/no-interrupts/libnrf_cc310_platform_0.9.13.a(cc_pal_dma.c.obj)
                0x0000000000007e50                CC_PalDmaInit
 .text.CC_PalDmaTerminate
                0x0000000000007e54        0x4 /opt/nordic/ncs/v1.9.1/nrfxlib/crypto/nrf_cc310_platform/lib/cortex-m4/soft-float/no-interrupts/libnrf_cc310_platform_0.9.13.a(cc_pal_dma.c.obj)
                0x0000000000007e54                CC_PalDmaTerminate
 .text.CC_PalMutexCreate
                0x0000000000007e58       0x14 /opt/nordic/ncs/v1.9.1/nrfxlib/crypto/nrf_cc310_platform/lib/cortex-m4/soft-float/no-interrupts/libnrf_cc310_platform_0.9.13.a(cc_pal_mutex.c.obj)
                0x0000000000007e58                CC_PalMutexCreate
 .text.CC_PalMutexDestroy
                0x0000000000007e6c       0x14 /opt/nordic/ncs/v1.9.1/nrfxlib/crypto/nrf_cc310_platform/lib/cortex-m4/soft-float/no-interrupts/libnrf_cc310_platform_0.9.13.a(cc_pal_mutex.c.obj)
                0x0000000000007e6c                CC_PalMutexDestroy
 .text.CC_PalPowerSaveModeInit
                0x0000000000007e80       0x3c /opt/nordic/ncs/v1.9.1/nrfxlib/crypto/nrf_cc310_platform/lib/cortex-m4/soft-float/no-interrupts/libnrf_cc310_platform_0.9.13.a(cc_pal_pm.c.obj)
                0x0000000000007e80                CC_PalPowerSaveModeInit
 .text.CC_PalPowerSaveModeSelect
                0x0000000000007ebc       0x84 /opt/nordic/ncs/v1.9.1/nrfxlib/crypto/nrf_cc310_platform/lib/cortex-m4/soft-float/no-interrupts/libnrf_cc310_platform_0.9.13.a(cc_pal_pm.c.obj)
                0x0000000000007ebc                CC_PalPowerSaveModeSelect
 .text._OffsetAbsSyms
                0x0000000000007f40        0x2 zephyr/CMakeFiles/offsets.dir/./arch/arm/core/offsets/offsets.c.obj
                0x0000000000007f40                _OffsetAbsSyms
 .text.sys_notify_validate
                0x0000000000007f42       0x2e zephyr/libzephyr.a(notify.c.obj)
                0x0000000000007f42                sys_notify_validate
 .text.arch_printk_char_out
                0x0000000000007f70        0x4 zephyr/libzephyr.a(printk.c.obj)
                0x0000000000007f70                arch_printk_char_out
 .text.str_out  0x0000000000007f74       0x30 zephyr/libzephyr.a(printk.c.obj)
 .text.printk   0x0000000000007fa4       0x1c zephyr/libzephyr.a(printk.c.obj)
                0x0000000000007fa4                printk
 .text.snprintk
                0x0000000000007fc0       0x1c zephyr/libzephyr.a(printk.c.obj)
                0x0000000000007fc0                snprintk
 .text.set_state
                0x0000000000007fdc       0x10 zephyr/libzephyr.a(onoff.c.obj)
 .text.notify_monitors
                0x0000000000007fec       0x3e zephyr/libzephyr.a(onoff.c.obj)
 .text.process_recheck
                0x000000000000802a       0x32 zephyr/libzephyr.a(onoff.c.obj)
 .text.validate_args
                0x000000000000805c       0x2c zephyr/libzephyr.a(onoff.c.obj)
 .text.notify_one
                0x0000000000008088       0x26 zephyr/libzephyr.a(onoff.c.obj)
 .text.notify_all
                0x00000000000080ae       0x2e zephyr/libzephyr.a(onoff.c.obj)
 .text.onoff_manager_init
                0x00000000000080dc       0x38 zephyr/libzephyr.a(onoff.c.obj)
                0x00000000000080dc                onoff_manager_init
 .text.z_thread_entry
                0x0000000000008114       0x14 zephyr/libzephyr.a(thread_entry.c.obj)
                0x0000000000008114                z_thread_entry
 .text.extract_decimal
                0x0000000000008128       0x26 zephyr/libzephyr.a(cbprintf_complete.c.obj)
 .text.encode_uint
                0x000000000000814e       0xd4 zephyr/libzephyr.a(cbprintf_complete.c.obj)
 .text.outs     0x0000000000008222       0x34 zephyr/libzephyr.a(cbprintf_complete.c.obj)
 .text.assert_post_action
                0x0000000000008256        0xe zephyr/libzephyr.a(assert.c.obj)
                0x0000000000008256                assert_post_action
 .text._ConfigAbsSyms
                0x0000000000008264        0x2 zephyr/libzephyr.a(configs.c.obj)
                0x0000000000008264                _ConfigAbsSyms
 .text.pm_policy_next_state
                0x0000000000008266        0xa zephyr/libzephyr.a(residency.c.obj)
                0x0000000000008266                pm_policy_next_state
 .text.abort_function
                0x0000000000008270        0x8 zephyr/libzephyr.a(nrf_cc3xx_platform_abort_zephyr.c.obj)
 .text.z_arm_fatal_error
                0x0000000000008278        0x8 zephyr/arch/arch/arm/core/aarch32/libarch__arm__core__aarch32.a(fatal.c.obj)
                0x0000000000008278                z_arm_fatal_error
 .text.z_do_kernel_oops
                0x0000000000008280        0xc zephyr/arch/arch/arm/core/aarch32/libarch__arm__core__aarch32.a(fatal.c.obj)
                0x0000000000008280                z_do_kernel_oops
 .text.z_irq_spurious
                0x000000000000828c        0xc zephyr/arch/arch/arm/core/aarch32/libarch__arm__core__aarch32.a(irq_manage.c.obj)
                0x000000000000828c                z_irq_spurious
 .text.z_arm_nmi
                0x0000000000008298        0xc zephyr/arch/arch/arm/core/aarch32/libarch__arm__core__aarch32.a(nmi.c.obj)
                0x0000000000008298                z_arm_nmi
 .text.memory_fault_recoverable
                0x00000000000082a4        0x4 zephyr/arch/arch/arm/core/aarch32/cortex_m/libarch__arm__core__aarch32__cortex_m.a(fault.c.obj)
 .text.debug_monitor
                0x00000000000082a8        0x6 zephyr/arch/arch/arm/core/aarch32/cortex_m/libarch__arm__core__aarch32__cortex_m.a(fault.c.obj)
 .text.fault_handle
                0x00000000000082ae       0x46 zephyr/arch/arch/arm/core/aarch32/cortex_m/libarch__arm__core__aarch32__cortex_m.a(fault.c.obj)
 .text.mpu_partition_is_valid
                0x00000000000082f4       0x22 zephyr/arch/arch/arm/core/aarch32/mpu/libarch__arm__core__aarch32__mpu.a(arm_mpu.c.obj)
 .text.region_allocate_and_init
                0x0000000000008316       0x16 zephyr/arch/arch/arm/core/aarch32/mpu/libarch__arm__core__aarch32__mpu.a(arm_mpu.c.obj)
 .text.mpu_configure_region
                0x000000000000832c       0x3e zephyr/arch/arch/arm/core/aarch32/mpu/libarch__arm__core__aarch32__mpu.a(arm_mpu.c.obj)
 .text.mpu_configure_regions
                0x000000000000836a       0x50 zephyr/arch/arch/arm/core/aarch32/mpu/libarch__arm__core__aarch32__mpu.a(arm_mpu.c.obj)
 .text.strcpy   0x00000000000083ba       0x12 zephyr/lib/libc/minimal/liblib__libc__minimal.a(string.c.obj)
                0x00000000000083ba                strcpy
 .text.strncpy  0x00000000000083cc       0x34 zephyr/lib/libc/minimal/liblib__libc__minimal.a(string.c.obj)
                0x00000000000083cc                strncpy
 .text.strlen   0x0000000000008400       0x10 zephyr/lib/libc/minimal/liblib__libc__minimal.a(string.c.obj)
                0x0000000000008400                strlen
 .text.strnlen  0x0000000000008410       0x14 zephyr/lib/libc/minimal/liblib__libc__minimal.a(string.c.obj)
                0x0000000000008410                strnlen
 .text.memcpy   0x0000000000008424       0x48 zephyr/lib/libc/minimal/liblib__libc__minimal.a(string.c.obj)
                0x0000000000008424                memcpy
 .text.memset   0x000000000000846c       0x3a zephyr/lib/libc/minimal/liblib__libc__minimal.a(string.c.obj)
                0x000000000000846c                memset
 .text._stdout_hook_default
                0x00000000000084a6        0x6 zephyr/lib/libc/minimal/liblib__libc__minimal.a(stdout_console.c.obj)
 .text.pm_power_state_set
                0x00000000000084ac       0x26 zephyr/soc/arm/nordic_nrf/nrf52/libsoc__arm__nordic_nrf__nrf52.a(power.c.obj)
                0x00000000000084ac                pm_power_state_set
 .text.pm_power_state_exit_post_ops
                0x00000000000084d2       0x16 zephyr/soc/arm/nordic_nrf/nrf52/libsoc__arm__nordic_nrf__nrf52.a(power.c.obj)
                0x00000000000084d2                pm_power_state_exit_post_ops
 .text.get_sub_data
                0x00000000000084e8        0xe zephyr/drivers/clock_control/libdrivers__clock_control.a(clock_control_nrf.c.obj)
 .text.get_sub_config
                0x00000000000084f6        0x8 zephyr/drivers/clock_control/libdrivers__clock_control.a(clock_control_nrf.c.obj)
 .text.get_onoff_manager
                0x00000000000084fe        0x8 zephyr/drivers/clock_control/libdrivers__clock_control.a(clock_control_nrf.c.obj)
 .text.set_off_state
                0x0000000000008506       0x32 zephyr/drivers/clock_control/libdrivers__clock_control.a(clock_control_nrf.c.obj)
 .text.set_starting_state
                0x0000000000008538       0x40 zephyr/drivers/clock_control/libdrivers__clock_control.a(clock_control_nrf.c.obj)
 .text.set_on_state
                0x0000000000008578       0x26 zephyr/drivers/clock_control/libdrivers__clock_control.a(clock_control_nrf.c.obj)
 .text.clkstarted_handle
                0x000000000000859e       0x24 zephyr/drivers/clock_control/libdrivers__clock_control.a(clock_control_nrf.c.obj)
 .text.async_start
                0x00000000000085c2       0x38 zephyr/drivers/clock_control/libdrivers__clock_control.a(clock_control_nrf.c.obj)
 .text.api_start
                0x00000000000085fa       0x10 zephyr/drivers/clock_control/libdrivers__clock_control.a(clock_control_nrf.c.obj)
 .text.onoff_started_callback
                0x000000000000860a       0x10 zephyr/drivers/clock_control/libdrivers__clock_control.a(clock_control_nrf.c.obj)
 .text.hfclk_start
                0x000000000000861a        0xa zephyr/drivers/clock_control/libdrivers__clock_control.a(clock_control_nrf.c.obj)
 .text.lfclk_start
                0x0000000000008624        0xa zephyr/drivers/clock_control/libdrivers__clock_control.a(clock_control_nrf.c.obj)
 .text.hfclk_stop
                0x000000000000862e        0xa zephyr/drivers/clock_control/libdrivers__clock_control.a(clock_control_nrf.c.obj)
 .text.lfclk_stop
                0x0000000000008638        0xa zephyr/drivers/clock_control/libdrivers__clock_control.a(clock_control_nrf.c.obj)
 .text.api_stop
                0x0000000000008642        0xa zephyr/drivers/clock_control/libdrivers__clock_control.a(clock_control_nrf.c.obj)
 .text.blocking_start_callback
                0x000000000000864c        0xa zephyr/drivers/clock_control/libdrivers__clock_control.a(clock_control_nrf.c.obj)
 .text.get_pull
                0x0000000000008656       0x18 zephyr/drivers/gpio/libdrivers__gpio.a(gpio_nrfx.c.obj)
 .text.gpio_nrfx_port_get_raw
                0x000000000000866e        0xe zephyr/drivers/gpio/libdrivers__gpio.a(gpio_nrfx.c.obj)
 .text.gpio_nrfx_port_set_masked_raw
                0x000000000000867c       0x16 zephyr/drivers/gpio/libdrivers__gpio.a(gpio_nrfx.c.obj)
 .text.gpio_nrfx_port_set_bits_raw
                0x0000000000008692        0xc zephyr/drivers/gpio/libdrivers__gpio.a(gpio_nrfx.c.obj)
 .text.gpio_nrfx_port_clear_bits_raw
                0x000000000000869e        0xc zephyr/drivers/gpio/libdrivers__gpio.a(gpio_nrfx.c.obj)
 .text.gpio_nrfx_port_toggle_bits
                0x00000000000086aa       0x12 zephyr/drivers/gpio/libdrivers__gpio.a(gpio_nrfx.c.obj)
 .text.get_trigger
                0x00000000000086bc       0x2c zephyr/drivers/gpio/libdrivers__gpio.a(gpio_nrfx.c.obj)
 .text.endtx_isr
                0x00000000000086e8       0x32 zephyr/drivers/serial/libdrivers__serial.a(uart_nrfx_uarte.c.obj)
 .text.uarte_nrfx_isr_int
                0x000000000000871a       0x56 zephyr/drivers/serial/libdrivers__serial.a(uart_nrfx_uarte.c.obj)
 .text.uarte_nrfx_configure
                0x0000000000008770       0xa6 zephyr/drivers/serial/libdrivers__serial.a(uart_nrfx_uarte.c.obj)
 .text.uarte_nrfx_config_get
                0x0000000000008816       0x10 zephyr/drivers/serial/libdrivers__serial.a(uart_nrfx_uarte.c.obj)
 .text.uarte_nrfx_err_check
                0x0000000000008826        0xe zephyr/drivers/serial/libdrivers__serial.a(uart_nrfx_uarte.c.obj)
 .text.is_tx_ready
                0x0000000000008834       0x28 zephyr/drivers/serial/libdrivers__serial.a(uart_nrfx_uarte.c.obj)
 .text.uarte_enable
                0x000000000000885c        0xc zephyr/drivers/serial/libdrivers__serial.a(uart_nrfx_uarte.c.obj)
 .text.tx_start
                0x0000000000008868       0x40 zephyr/drivers/serial/libdrivers__serial.a(uart_nrfx_uarte.c.obj)
 .text.uarte_nrfx_poll_in
                0x00000000000088a8       0x2a zephyr/drivers/serial/libdrivers__serial.a(uart_nrfx_uarte.c.obj)
 .text.wait_tx_ready
                0x00000000000088d2       0x4e zephyr/drivers/serial/libdrivers__serial.a(uart_nrfx_uarte.c.obj)
 .text.uarte_instance_init
                0x0000000000008920       0x94 zephyr/drivers/serial/libdrivers__serial.a(uart_nrfx_uarte.c.obj)
 .text.uarte_0_init
                0x00000000000089b4       0x1e zephyr/drivers/serial/libdrivers__serial.a(uart_nrfx_uarte.c.obj)
 .text.uarte_1_init
                0x00000000000089d2       0x1e zephyr/drivers/serial/libdrivers__serial.a(uart_nrfx_uarte.c.obj)
 .text.sys_clock_idle_exit
                0x00000000000089f0        0x2 zephyr/drivers/timer/libdrivers__timer.a(sys_clock_init.c.obj)
                0x00000000000089f0                sys_clock_idle_exit
 .text.counter_sub
                0x00000000000089f2        0x8 zephyr/drivers/timer/libdrivers__timer.a(nrf_rtc_timer.c.obj)
 .text.event_clear
                0x00000000000089fa       0x18 zephyr/drivers/timer/libdrivers__timer.a(nrf_rtc_timer.c.obj)
 .text.absolute_time_to_cc
                0x0000000000008a12        0x6 zephyr/drivers/timer/libdrivers__timer.a(nrf_rtc_timer.c.obj)
 .text.full_int_lock
                0x0000000000008a18       0x12 zephyr/drivers/timer/libdrivers__timer.a(nrf_rtc_timer.c.obj)
 .text.full_int_unlock
                0x0000000000008a2a        0xa zephyr/drivers/timer/libdrivers__timer.a(nrf_rtc_timer.c.obj)
 .text.set_absolute_alarm
                0x0000000000008a34       0x76 zephyr/drivers/timer/libdrivers__timer.a(nrf_rtc_timer.c.obj)
 .text.compare_set
                0x0000000000008aaa       0x32 zephyr/drivers/timer/libdrivers__timer.a(nrf_rtc_timer.c.obj)
 .text.k_sys_fatal_error_handler
                0x0000000000008adc        0x8 modules/nrf/lib/fatal_error/lib..__nrf__lib__fatal_error.a(fatal_error.c.obj)
                0x0000000000008adc                k_sys_fatal_error_handler
 .text.hw_cc3xx_init_internal
                0x0000000000008ae4        0x8 modules/nrf/drivers/hw_cc310/lib..__nrf__drivers__hw_cc310.a(hw_cc310.c.obj)
 .text.hw_cc3xx_init
                0x0000000000008aec       0x14 modules/nrf/drivers/hw_cc310/lib..__nrf__drivers__hw_cc310.a(hw_cc310.c.obj)
 .text.nrfx_isr
                0x0000000000008b00        0x6 modules/hal_nordic/nrfx/libmodules__hal_nordic__nrfx.a(nrfx_glue.c.obj)
                0x0000000000008b00                nrfx_isr
 .text.nrfx_busy_wait
                0x0000000000008b06        0x8 modules/hal_nordic/nrfx/libmodules__hal_nordic__nrfx.a(nrfx_glue.c.obj)
                0x0000000000008b06                nrfx_busy_wait
 .text.pin_is_task_output
                0x0000000000008b0e       0x1e modules/hal_nordic/nrfx/libmodules__hal_nordic__nrfx.a(nrfx_gpiote.c.obj)
 .text.pin_is_input
                0x0000000000008b2c        0xe modules/hal_nordic/nrfx/libmodules__hal_nordic__nrfx.a(nrfx_gpiote.c.obj)
 .text.gpiote_polarity_to_trigger
                0x0000000000008b3a        0x2 modules/hal_nordic/nrfx/libmodules__hal_nordic__nrfx.a(nrfx_gpiote.c.obj)
 .text.gpiote_trigger_to_polarity
                0x0000000000008b3c        0x2 modules/hal_nordic/nrfx/libmodules__hal_nordic__nrfx.a(nrfx_gpiote.c.obj)
 .text.is_level
                0x0000000000008b3e        0xa modules/hal_nordic/nrfx/libmodules__hal_nordic__nrfx.a(nrfx_gpiote.c.obj)
 .text.SEGGER_RTT_Init
                0x0000000000008b48        0x8 modules/segger/libmodules__segger.a(SEGGER_RTT.c.obj)
                0x0000000000008b48                SEGGER_RTT_Init
 .text.rtt_init
                0x0000000000008b50        0xa modules/segger/libmodules__segger.a(SEGGER_RTT_zephyr.c.obj)
 .text.z_device_ready
                0x0000000000008b5a       0x1a zephyr/kernel/libkernel.a(device.c.obj)
                0x0000000000008b5a                z_device_ready
 .text.create_free_list
                0x0000000000008b74       0x2e zephyr/kernel/libkernel.a(mem_slab.c.obj)
 .text.k_mem_slab_init
                0x0000000000008ba2       0x1e zephyr/kernel/libkernel.a(mem_slab.c.obj)
                0x0000000000008ba2                k_mem_slab_init
 .text.setup_thread_stack
                0x0000000000008bc0       0x24 zephyr/kernel/libkernel.a(thread.c.obj)
 .text.k_is_in_isr
                0x0000000000008be4        0xc zephyr/kernel/libkernel.a(thread.c.obj)
                0x0000000000008be4                k_is_in_isr
 .text.z_impl_k_thread_start
                0x0000000000008bf0        0x8 zephyr/kernel/libkernel.a(thread.c.obj)
                0x0000000000008bf0                z_impl_k_thread_start
 .text.z_init_thread_base
                0x0000000000008bf8       0x16 zephyr/kernel/libkernel.a(thread.c.obj)
                0x0000000000008bf8                z_init_thread_base
 .text.z_pm_save_idle_exit
                0x0000000000008c0e        0xc zephyr/kernel/libkernel.a(idle.c.obj)
                0x0000000000008c0e                z_pm_save_idle_exit
 .text.new_prio_for_inheritance
                0x0000000000008c1a       0x16 zephyr/kernel/libkernel.a(mutex.c.obj)
 .text.adjust_owner_prio
                0x0000000000008c30       0x16 zephyr/kernel/libkernel.a(mutex.c.obj)
 .text.z_impl_k_mutex_init
                0x0000000000008c46        0xe zephyr/kernel/libkernel.a(mutex.c.obj)
                0x0000000000008c46                z_impl_k_mutex_init
 .text.thread_active_elsewhere
                0x0000000000008c54        0x4 zephyr/kernel/libkernel.a(sched.c.obj)
 .text.z_sched_prio_cmp
                0x0000000000008c58       0x14 zephyr/kernel/libkernel.a(sched.c.obj)
                0x0000000000008c58                z_sched_prio_cmp
 .text.z_reschedule_irqlock
                0x0000000000008c6c       0x2a zephyr/kernel/libkernel.a(sched.c.obj)
                0x0000000000008c6c                z_reschedule_irqlock
 .text.z_priq_dumb_best
                0x0000000000008c96        0xe zephyr/kernel/libkernel.a(sched.c.obj)
                0x0000000000008c96                z_priq_dumb_best
 .text.init_ready_q
                0x0000000000008ca4        0x8 zephyr/kernel/libkernel.a(sched.c.obj)
                0x0000000000008ca4                init_ready_q
 .text.remove_timeout
                0x0000000000008cac       0x2e zephyr/kernel/libkernel.a(timeout.c.obj)
 .text.sys_clock_tick_get_32
                0x0000000000008cda        0x8 zephyr/kernel/libkernel.a(timeout.c.obj)
                0x0000000000008cda                sys_clock_tick_get_32
 .text.z_impl_k_busy_wait
                0x0000000000008ce2        0xc zephyr/kernel/libkernel.a(timeout.c.obj)
                0x0000000000008ce2                z_impl_k_busy_wait
 .text.main     0x0000000000008cee        0x4 zephyr/kernel/libkernel.a(main_weak.c.obj)
                0x0000000000008cee                main
 *(SORT_BY_ALIGNMENT(.TEXT.*))
 *fill*         0x0000000000008cf2        0x2 
 .TEXT.z_arm_platform_init
                0x0000000000008cf4        0x4 zephyr/libzephyr.a(soc_nrf_common.S.obj)
                0x0000000000008cf4                z_arm_platform_init
 *(SORT_BY_ALIGNMENT(.gnu.linkonce.t.*))
 *(SORT_BY_ALIGNMENT(.glue_7t))
 .glue_7t       0x0000000000008cf8        0x0 linker stubs
 *(SORT_BY_ALIGNMENT(.glue_7))
 .glue_7        0x0000000000008cf8        0x0 linker stubs
 *(SORT_BY_ALIGNMENT(.vfp11_veneer))
 .vfp11_veneer  0x0000000000008cf8        0x0 linker stubs
 *(SORT_BY_ALIGNMENT(.v4_bx))
 .v4_bx         0x0000000000008cf8        0x0 linker stubs
                0x0000000000008cf8                __text_region_end = .

.ARM.exidx      0x0000000000008cf8        0x8
                0x0000000000008cf8                __exidx_start = .
 *(SORT_BY_ALIGNMENT(.ARM.exidx*) SORT_BY_ALIGNMENT(gnu.linkonce.armexidx.*))
 .ARM.exidx     0x0000000000008cf8        0x8 /opt/nordic/ncs/v1.9.1/toolchain/bin/../lib/gcc/arm-none-eabi/9.2.1/thumb/v7e-m/nofp/libgcc.a(_udivmoddi4.o)
                0x0000000000008d00                __exidx_end = .
                0x0000000000008d00                __rodata_region_start = .

initlevel       0x0000000000008d00       0x60
                0x0000000000008d00                __init_start = .
                0x0000000000008d00                __init_PRE_KERNEL_1_start = .
 *(SORT_BY_NAME(SORT_BY_ALIGNMENT(.z_init_PRE_KERNEL_1[0-9]_*)))
 .z_init_PRE_KERNEL_10_
                0x0000000000008d00        0x8 zephyr/soc/arm/nordic_nrf/nrf52/libsoc__arm__nordic_nrf__nrf52.a(soc.c.obj)
 *(SORT_BY_NAME(SORT_BY_ALIGNMENT(.z_init_PRE_KERNEL_1[1-9][0-9]_*)))
 .z_init_PRE_KERNEL_130_
                0x0000000000008d08        0x8 zephyr/drivers/clock_control/libdrivers__clock_control.a(clock_control_nrf.c.obj)
 .z_init_PRE_KERNEL_130_
                0x0000000000008d10        0x8 modules/segger/libmodules__segger.a(SEGGER_RTT_zephyr.c.obj)
 .z_init_PRE_KERNEL_130_
                0x0000000000008d18        0x8 zephyr/kernel/libkernel.a(mem_slab.c.obj)
 .z_init_PRE_KERNEL_140_
                0x0000000000008d20       0x10 zephyr/drivers/gpio/libdrivers__gpio.a(gpio_nrfx.c.obj)
 .z_init_PRE_KERNEL_140_
                0x0000000000008d30        0x8 modules/nrf/drivers/hw_cc310/lib..__nrf__drivers__hw_cc310.a(hw_cc310.c.obj)
 .z_init_PRE_KERNEL_155_
                0x0000000000008d38       0x10 zephyr/drivers/serial/libdrivers__serial.a(uart_nrfx_uarte.c.obj)
 .z_init_PRE_KERNEL_160_
                0x0000000000008d48        0x8 zephyr/drivers/console/libdrivers__console.a(uart_console.c.obj)
                0x0000000000008d50                __init_PRE_KERNEL_2_start = .
 *(SORT_BY_NAME(SORT_BY_ALIGNMENT(.z_init_PRE_KERNEL_2[0-9]_*)))
 .z_init_PRE_KERNEL_20_
                0x0000000000008d50        0x8 zephyr/drivers/timer/libdrivers__timer.a(nrf_rtc_timer.c.obj)
 *(SORT_BY_NAME(SORT_BY_ALIGNMENT(.z_init_PRE_KERNEL_2[1-9][0-9]_*)))
                0x0000000000008d58                __init_POST_KERNEL_start = .
 *(SORT_BY_NAME(SORT_BY_ALIGNMENT(.z_init_POST_KERNEL[0-9]_*)))
 *(SORT_BY_NAME(SORT_BY_ALIGNMENT(.z_init_POST_KERNEL[1-9][0-9]_*)))
 .z_init_POST_KERNEL40_
                0x0000000000008d58        0x8 modules/nrf/drivers/hw_cc310/lib..__nrf__drivers__hw_cc310.a(hw_cc310.c.obj)
                0x0000000000008d60                __init_APPLICATION_start = .
 *(SORT_BY_NAME(SORT_BY_ALIGNMENT(.z_init_APPLICATION[0-9]_*)))
 *(SORT_BY_NAME(SORT_BY_ALIGNMENT(.z_init_APPLICATION[1-9][0-9]_*)))
                0x0000000000008d60                __init_SMP_start = .
 *(SORT_BY_NAME(SORT_BY_ALIGNMENT(.z_init_SMP[0-9]_*)))
 *(SORT_BY_NAME(SORT_BY_ALIGNMENT(.z_init_SMP[1-9][0-9]_*)))
                0x0000000000008d60                __init_end = .

devices         0x0000000000008d60       0x78
                0x0000000000008d60                __device_start = .
                0x0000000000008d60                __device_PRE_KERNEL_1_start = .
 *(SORT_BY_NAME(SORT_BY_ALIGNMENT(.z_device_PRE_KERNEL_1[0-9]_*)))
 *(SORT_BY_NAME(SORT_BY_ALIGNMENT(.z_device_PRE_KERNEL_1[1-9][0-9]_*)))
 .z_device_PRE_KERNEL_130_
                0x0000000000008d60       0x18 zephyr/drivers/clock_control/libdrivers__clock_control.a(clock_control_nrf.c.obj)
                0x0000000000008d60                __device_dts_ord_27
 .z_device_PRE_KERNEL_140_
                0x0000000000008d78       0x30 zephyr/drivers/gpio/libdrivers__gpio.a(gpio_nrfx.c.obj)
                0x0000000000008d78                __device_dts_ord_54
                0x0000000000008d90                __device_dts_ord_11
 .z_device_PRE_KERNEL_155_
                0x0000000000008da8       0x30 zephyr/drivers/serial/libdrivers__serial.a(uart_nrfx_uarte.c.obj)
                0x0000000000008da8                __device_dts_ord_63
                0x0000000000008dc0                __device_dts_ord_62
                0x0000000000008dd8                __device_PRE_KERNEL_2_start = .
 *(SORT_BY_NAME(SORT_BY_ALIGNMENT(.z_device_PRE_KERNEL_2[0-9]_*)))
 *(SORT_BY_NAME(SORT_BY_ALIGNMENT(.z_device_PRE_KERNEL_2[1-9][0-9]_*)))
                0x0000000000008dd8                __device_POST_KERNEL_start = .
 *(SORT_BY_NAME(SORT_BY_ALIGNMENT(.z_device_POST_KERNEL[0-9]_*)))
 *(SORT_BY_NAME(SORT_BY_ALIGNMENT(.z_device_POST_KERNEL[1-9][0-9]_*)))
                0x0000000000008dd8                __device_APPLICATION_start = .
 *(SORT_BY_NAME(SORT_BY_ALIGNMENT(.z_device_APPLICATION[0-9]_*)))
 *(SORT_BY_NAME(SORT_BY_ALIGNMENT(.z_device_APPLICATION[1-9][0-9]_*)))
                0x0000000000008dd8                __device_SMP_start = .
 *(SORT_BY_NAME(SORT_BY_ALIGNMENT(.z_device_SMP[0-9]_*)))
 *(SORT_BY_NAME(SORT_BY_ALIGNMENT(.z_device_SMP[1-9][0-9]_*)))
                0x0000000000008dd8                __device_end = .

sw_isr_table    0x0000000000008dd8      0x180
                0x0000000000008dd8                . = ALIGN (0x0)
 *(SORT_BY_ALIGNMENT(.gnu.linkonce.sw_isr_table*))
 .gnu.linkonce.sw_isr_table
                0x0000000000008dd8      0x180 zephyr/CMakeFiles/zephyr_final.dir/isr_tables.c.obj
                0x0000000000008dd8                _sw_isr_table

initlevel_error
                0x0000000000008d00        0x0
 *(SORT_BY_NAME(SORT_BY_ALIGNMENT(.z_init_[_A-Z0-9]*)))
                0x0000000000000001                ASSERT ((SIZEOF (initlevel_error) == 0x0), Undefined initialization levels used.)

app_shmem_regions
                0x0000000000008f58        0x0
                0x0000000000008f58                __app_shmem_regions_start = .
 *(SORT_BY_NAME(SORT_BY_ALIGNMENT(.app_regions.*)))
                0x0000000000008f58                __app_shmem_regions_end = .

bt_l2cap_fixed_chan_area
                0x0000000000008f58        0x0
                0x0000000000008f58                _bt_l2cap_fixed_chan_list_start = .
 *(SORT_BY_NAME(SORT_BY_ALIGNMENT(._bt_l2cap_fixed_chan.static.*)))
                0x0000000000008f58                _bt_l2cap_fixed_chan_list_end = .

bt_gatt_service_static_area
                0x0000000000008f58        0x0
                0x0000000000008f58                _bt_gatt_service_static_list_start = .
 *(SORT_BY_NAME(SORT_BY_ALIGNMENT(._bt_gatt_service_static.static.*)))
                0x0000000000008f58                _bt_gatt_service_static_list_end = .

k_p4wq_initparam_area
                0x0000000000008f58        0x0
                0x0000000000008f58                _k_p4wq_initparam_list_start = .
 *(SORT_BY_NAME(SORT_BY_ALIGNMENT(._k_p4wq_initparam.static.*)))
                0x0000000000008f58                _k_p4wq_initparam_list_end = .

log_strings_sections
                0x0000000000008f58        0x0
                0x0000000000008f58                __log_strings_start = .
 *(SORT_BY_NAME(SORT_BY_ALIGNMENT(.log_strings*)))
                0x0000000000008f58                __log_strings_end = .

log_const_sections
                0x0000000000008f58        0x0
                0x0000000000008f58                __log_const_start = .
 *(SORT_BY_NAME(SORT_BY_ALIGNMENT(.log_const_*)))
                0x0000000000008f58                __log_const_end = .

log_backends_sections
                0x0000000000008f58        0x0
                0x0000000000008f58                __log_backends_start = .
 *(SORT_BY_ALIGNMENT(._log_backend.*))
                0x0000000000008f58                __log_backends_end = .

shell_area      0x0000000000008f58        0x0
                0x0000000000008f58                _shell_list_start = .
 *(SORT_BY_NAME(SORT_BY_ALIGNMENT(._shell.static.*)))
                0x0000000000008f58                _shell_list_end = .

shell_root_cmds_sections
                0x0000000000008f58        0x0
                0x0000000000008f58                __shell_root_cmds_start = .
 *(SORT_BY_NAME(SORT_BY_ALIGNMENT(.shell_root_cmd_*)))
                0x0000000000008f58                __shell_root_cmds_end = .

font_entry_sections
                0x0000000000008f58        0x0
                0x0000000000008f58                __font_entry_start = .
 *(SORT_BY_NAME(SORT_BY_ALIGNMENT(._cfb_font.*)))
                0x0000000000008f58                __font_entry_end = .

tracing_backend_area
                0x0000000000008f58        0x0
                0x0000000000008f58                _tracing_backend_list_start = .
 *(SORT_BY_NAME(SORT_BY_ALIGNMENT(._tracing_backend.static.*)))
                0x0000000000008f58                _tracing_backend_list_end = .

zephyr_dbg_info
                0x0000000000008f58       0x3c
 *(SORT_BY_ALIGNMENT(.dbg_thread_info))
 .dbg_thread_info
                0x0000000000008f58       0x3c zephyr/libzephyr.a(thread_info.c.obj)
                0x0000000000008f58                _kernel_openocd_size_t_size
                0x0000000000008f58                _kernel_thread_info_size_t_size
                0x0000000000008f5c                _kernel_thread_info_num_offsets
                0x0000000000008f5c                _kernel_openocd_num_offsets
                0x0000000000008f60                _kernel_thread_info_offsets
                0x0000000000008f60                _kernel_openocd_offsets

device_handles  0x0000000000008f94       0x1e
                0x0000000000008f94                __device_handles_start = .
 *(SORT_BY_NAME(SORT_BY_ALIGNMENT(.__device_handles_pass2*)))
 .__device_handles_pass2
                0x0000000000008f94       0x1e zephyr/CMakeFiles/zephyr_final.dir/dev_handles.c.obj
                0x0000000000008f94                __devicehdl_DT_N_S_soc_S_uart_40002000
                0x0000000000008f9a                __devicehdl_DT_N_S_soc_S_uart_40028000
                0x0000000000008fa0                __devicehdl_DT_N_S_soc_S_gpio_50000000
                0x0000000000008fa6                __devicehdl_DT_N_S_soc_S_gpio_50000300
                0x0000000000008fac                __devicehdl_DT_N_S_soc_S_clock_40000000
                0x0000000000008fb2                __device_handles_end = .

rodata          0x0000000000008fc0     0x103c
 *(SORT_BY_ALIGNMENT(.rodata))
 .rodata        0x0000000000008fc0        0x8 modules/hal_nordic/nrfx/libmodules__hal_nordic__nrfx.a(nrfx_gpiote.c.obj)
 *(SORT_BY_ALIGNMENT(.rodata.*))
 *fill*         0x0000000000008fc8        0x8 
 .rodata.delay_machine_code.12394
                0x0000000000008fd0        0x6 zephyr/soc/arm/nordic_nrf/nrf52/libsoc__arm__nordic_nrf__nrf52.a(soc.c.obj)
 *fill*         0x0000000000008fd6        0x2 
 .rodata.shared_code_section.str1.4
                0x0000000000008fd8       0x37 app/libapp.a(main.c.obj)
 *fill*         0x000000000000900f        0x1 
 .rodata.thread0.str1.4
                0x0000000000009010       0x12 app/libapp.a(main.c.obj)
 *fill*         0x0000000000009022        0x2 
 .rodata.thread1.str1.4
                0x0000000000009024       0x12 app/libapp.a(main.c.obj)
 *fill*         0x0000000000009036        0x2 
 .rodata.str1.4
                0x0000000000009038       0x17 app/libapp.a(main.c.obj)
 *fill*         0x000000000000904f        0x1 
 .rodata.sys_notify_finalize.str1.4
                0x0000000000009050       0x45 zephyr/libzephyr.a(notify.c.obj)
 *fill*         0x0000000000009095        0x3 
 .rodata.process_complete.str1.4
                0x0000000000009098       0x4b zephyr/libzephyr.a(onoff.c.obj)
                                         0x6e (size before relaxing)
 *fill*         0x00000000000090e3        0x1 
 .rodata.process_event.str1.4
                0x00000000000090e4      0x134 zephyr/libzephyr.a(onoff.c.obj)
 .rodata.cbvprintf.str1.4
                0x0000000000009218        0x6 zephyr/libzephyr.a(cbprintf_complete.c.obj)
 *fill*         0x000000000000921e        0x2 
 .rodata.sys_reboot.str1.4
                0x0000000000009220       0x29 zephyr/libzephyr.a(reboot.c.obj)
 .rodata.pm_system_resume.str1.4
                0x0000000000009249       0xa5 zephyr/libzephyr.a(pm.c.obj)
 *fill*         0x0000000000009249        0x3 
 .rodata.apis   0x000000000000924c        0x8 zephyr/libzephyr.a(nrf_cc3xx_platform_abort_zephyr.c.obj)
 .rodata.mutex_free_platform.str1.4
                0x0000000000009254       0x26 zephyr/libzephyr.a(nrf_cc3xx_platform_mutex_zephyr.c.obj)
 *fill*         0x000000000000927a        0x2 
 .rodata.mutex_init_platform.str1.4
                0x000000000000927c       0x2d zephyr/libzephyr.a(nrf_cc3xx_platform_mutex_zephyr.c.obj)
 *fill*         0x00000000000092a9        0x3 
 .rodata.mutex_apis
                0x00000000000092ac       0x10 zephyr/libzephyr.a(nrf_cc3xx_platform_mutex_zephyr.c.obj)
 .rodata.mutexes
                0x00000000000092bc       0x14 zephyr/libzephyr.a(nrf_cc3xx_platform_mutex_zephyr.c.obj)
 .rodata.z_arm_irq_priority_set.str1.4
                0x00000000000092d0       0x94 zephyr/arch/arch/arm/core/aarch32/libarch__arm__core__aarch32.a(irq_manage.c.obj)
                                         0xb4 (size before relaxing)
 .rodata.mem_manage_fault.str1.4
                0x0000000000009364       0xab zephyr/arch/arch/arm/core/aarch32/cortex_m/libarch__arm__core__aarch32__cortex_m.a(fault.c.obj)
                                         0xcb (size before relaxing)
 *fill*         0x000000000000940f        0x1 
 .rodata.hard_fault.str1.4
                0x0000000000009410       0x54 zephyr/arch/arch/arm/core/aarch32/cortex_m/libarch__arm__core__aarch32__cortex_m.a(fault.c.obj)
                                         0x58 (size before relaxing)
 .rodata.z_arm_fault.str1.4
                0x0000000000009464       0x52 zephyr/arch/arch/arm/core/aarch32/cortex_m/libarch__arm__core__aarch32__cortex_m.a(fault.c.obj)
 *fill*         0x00000000000094b6        0x2 
 .rodata.static_regions
                0x00000000000094b8        0xc zephyr/arch/arch/arm/core/aarch32/mpu/libarch__arm__core__aarch32__mpu.a(arm_core_mpu.c.obj)
 .rodata.arm_core_mpu_configure_static_mpu_regions.str1.4
                0x00000000000094c4       0x64 zephyr/arch/arch/arm/core/aarch32/mpu/libarch__arm__core__aarch32__mpu.a(arm_mpu.c.obj)
                                         0x88 (size before relaxing)
 .rodata.arm_core_mpu_configure_dynamic_mpu_regions.str1.4
                0x0000000000009528       0x2d zephyr/arch/arch/arm/core/aarch32/mpu/libarch__arm__core__aarch32__mpu.a(arm_mpu.c.obj)
 *fill*         0x0000000000009555        0x3 
 .rodata.z_arm_mpu_init.str1.4
                0x0000000000009558       0xa5 zephyr/arch/arch/arm/core/aarch32/mpu/libarch__arm__core__aarch32__mpu.a(arm_mpu.c.obj)
 *fill*         0x00000000000095fd        0x3 
 .rodata.str1.4
                0x0000000000009600        0xf zephyr/soc/arm/common/cortex_m/libsoc__arm__common__cortex_m.a(arm_mpu_regions.c.obj)
 *fill*         0x000000000000960f        0x1 
 .rodata.mpu_config
                0x0000000000009610        0x8 zephyr/soc/arm/common/cortex_m/libsoc__arm__common__cortex_m.a(arm_mpu_regions.c.obj)
                0x0000000000009610                mpu_config
 .rodata.mpu_regions
                0x0000000000009618       0x18 zephyr/soc/arm/common/cortex_m/libsoc__arm__common__cortex_m.a(arm_mpu_regions.c.obj)
 .rodata.get_status.str1.4
                0x0000000000009630       0x64 zephyr/drivers/clock_control/libdrivers__clock_control.a(clock_control_nrf.c.obj)
                                         0x81 (size before relaxing)
 .rodata.clock_event_handler.str1.4
                0x0000000000009694        0x2 zephyr/drivers/clock_control/libdrivers__clock_control.a(clock_control_nrf.c.obj)
 .rodata.z_nrf_clock_control_lf_on.str1.4
                0x0000000000009694        0x9 zephyr/drivers/clock_control/libdrivers__clock_control.a(clock_control_nrf.c.obj)
 *fill*         0x000000000000969d        0x3 
 .rodata.str1.4
                0x00000000000096a0        0x6 zephyr/drivers/clock_control/libdrivers__clock_control.a(clock_control_nrf.c.obj)
 *fill*         0x00000000000096a6        0x2 
 .rodata.clock_control_api
                0x00000000000096a8       0x18 zephyr/drivers/clock_control/libdrivers__clock_control.a(clock_control_nrf.c.obj)
 .rodata.config
                0x00000000000096c0       0x10 zephyr/drivers/clock_control/libdrivers__clock_control.a(clock_control_nrf.c.obj)
 .rodata.transitions.11152
                0x00000000000096d0        0xc zephyr/drivers/clock_control/libdrivers__clock_control.a(clock_control_nrf.c.obj)
 .rodata.gpio_nrfx_manage_callback.str1.4
                0x00000000000096dc       0x77 zephyr/drivers/gpio/libdrivers__gpio.a(gpio_nrfx.c.obj)
                                         0x97 (size before relaxing)
 *fill*         0x0000000000009753        0x1 
 .rodata.nrfx_gpio_handler.str1.4
                0x0000000000009754        0xc zephyr/drivers/gpio/libdrivers__gpio.a(gpio_nrfx.c.obj)
 .rodata.gpio_nrfx_pin_interrupt_configure.str1.4
                0x0000000000009760       0x57 zephyr/drivers/gpio/libdrivers__gpio.a(gpio_nrfx.c.obj)
                                         0x5a (size before relaxing)
 *fill*         0x00000000000097b7        0x1 
 .rodata.str1.4
                0x00000000000097b8        0xf zephyr/drivers/gpio/libdrivers__gpio.a(gpio_nrfx.c.obj)
 *fill*         0x00000000000097c7        0x1 
 .rodata.gpio_nrfx_drv_api_funcs
                0x00000000000097c8       0x24 zephyr/drivers/gpio/libdrivers__gpio.a(gpio_nrfx.c.obj)
 .rodata.gpio_nrfx_p0_cfg
                0x00000000000097ec       0x10 zephyr/drivers/gpio/libdrivers__gpio.a(gpio_nrfx.c.obj)
 .rodata.gpio_nrfx_p1_cfg
                0x00000000000097fc       0x10 zephyr/drivers/gpio/libdrivers__gpio.a(gpio_nrfx.c.obj)
 .rodata.uarte_nrfx_pins_configure.str1.4
                0x000000000000980c       0x7a zephyr/drivers/serial/libdrivers__serial.a(uart_nrfx_uarte.c.obj)
 .rodata.str1.4
                0x000000000000980c        0xf zephyr/drivers/serial/libdrivers__serial.a(uart_nrfx_uarte.c.obj)
 *fill*         0x000000000000981b        0x1 
 .rodata.uart_nrfx_uarte_driver_api
                0x000000000000981c       0x14 zephyr/drivers/serial/libdrivers__serial.a(uart_nrfx_uarte.c.obj)
 .rodata.uarte_0z_config
                0x0000000000009830       0x20 zephyr/drivers/serial/libdrivers__serial.a(uart_nrfx_uarte.c.obj)
 .rodata.uarte_1z_config
                0x0000000000009850       0x20 zephyr/drivers/serial/libdrivers__serial.a(uart_nrfx_uarte.c.obj)
 .rodata.nrfx_clock_init.str1.4
                0x0000000000009870       0x4e modules/hal_nordic/nrfx/libmodules__hal_nordic__nrfx.a(nrfx_clock.c.obj)
                                         0x6d (size before relaxing)
 *fill*         0x00000000000098be        0x2 
 .rodata.nrfx_clock_enable.str1.4
                0x00000000000098c0       0x1e modules/hal_nordic/nrfx/libmodules__hal_nordic__nrfx.a(nrfx_clock.c.obj)
 .rodata.nrfx_clock_start.str1.4
                0x00000000000098de        0x2 modules/hal_nordic/nrfx/libmodules__hal_nordic__nrfx.a(nrfx_clock.c.obj)
 *fill*         0x00000000000098de        0x2 
 .rodata.nrfx_clock_stop.str1.4
                0x00000000000098e0       0x34 modules/hal_nordic/nrfx/libmodules__hal_nordic__nrfx.a(nrfx_clock.c.obj)
 .rodata.release_handler.str1.4
                0x0000000000009914       0x54 modules/hal_nordic/nrfx/libmodules__hal_nordic__nrfx.a(nrfx_gpiote.c.obj)
                                         0x71 (size before relaxing)
 .rodata.next_sense_cond_call_handler.str1.4
                0x0000000000009968       0x5a modules/hal_nordic/nrfx/libmodules__hal_nordic__nrfx.a(nrfx_gpiote.c.obj)
 .rodata.nrfx_gpiote_channel_get.str1.4
                0x0000000000009968        0xa modules/hal_nordic/nrfx/libmodules__hal_nordic__nrfx.a(nrfx_gpiote.c.obj)
 *fill*         0x0000000000009972        0x2 
 .rodata.nrfx_gpiote_out_task_get.str1.4
                0x0000000000009974       0x42 modules/hal_nordic/nrfx/libmodules__hal_nordic__nrfx.a(nrfx_gpiote.c.obj)
 *fill*         0x00000000000099b6        0x2 
 .rodata.nrfx_gpiote_trigger_enable.str1.4
                0x00000000000099b8       0x23 modules/hal_nordic/nrfx/libmodules__hal_nordic__nrfx.a(nrfx_gpiote.c.obj)
 *fill*         0x00000000000099db        0x1 
 .rodata._DoInit.str1.4
                0x00000000000099dc       0x17 modules/segger/libmodules__segger.a(SEGGER_RTT.c.obj)
 *fill*         0x00000000000099f3        0x1 
 .rodata.levels.9417
                0x00000000000099f4       0x14 zephyr/kernel/libkernel.a(device.c.obj)
 .rodata._k_neg_eagain
                0x0000000000009a08        0x4 zephyr/kernel/libkernel.a(errno.c.obj)
                0x0000000000009a08                _k_neg_eagain
 .rodata.z_fatal_error.str1.4
                0x0000000000009a0c       0x79 zephyr/kernel/libkernel.a(fatal.c.obj)
                                         0x99 (size before relaxing)
 *fill*         0x0000000000009a85        0x3 
 .rodata.init_idle_thread.str1.4
                0x0000000000009a88        0xa zephyr/kernel/libkernel.a(init.c.obj)
 *fill*         0x0000000000009a92        0x2 
 .rodata.prepare_multithreading.str1.4
                0x0000000000009a94        0x5 zephyr/kernel/libkernel.a(init.c.obj)
 *fill*         0x0000000000009a99        0x3 
 .rodata.init_mem_slab_module.str1.4
                0x0000000000009a9c       0x67 zephyr/kernel/libkernel.a(mem_slab.c.obj)
                                         0x87 (size before relaxing)
 .rodata.k_mem_slab_alloc.str1.4
                0x0000000000009b03       0x85 zephyr/kernel/libkernel.a(mem_slab.c.obj)
 *fill*         0x0000000000009b03        0x1 
 .rodata.k_thread_foreach.str1.4
                0x0000000000009b04       0x56 zephyr/kernel/libkernel.a(thread.c.obj)
                                         0xfd (size before relaxing)
 *fill*         0x0000000000009b5a        0x2 
 .rodata.z_setup_new_thread.str1.4
                0x0000000000009b5c       0xb1 zephyr/kernel/libkernel.a(thread.c.obj)
 *fill*         0x0000000000009c0d        0x3 
 .rodata.z_init_static_threads.str1.4
                0x0000000000009c10       0x2d zephyr/kernel/libkernel.a(thread.c.obj)
                                         0x4f (size before relaxing)
 *fill*         0x0000000000009c3d        0x3 
 .rodata.idle.str1.4
                0x0000000000009c40       0x4c zephyr/kernel/libkernel.a(idle.c.obj)
                                         0x69 (size before relaxing)
 .rodata.z_impl_k_mutex_lock.str1.4
                0x0000000000009c8c       0x5d zephyr/kernel/libkernel.a(mutex.c.obj)
                                        0x105 (size before relaxing)
 *fill*         0x0000000000009ce9        0x3 
 .rodata.z_impl_k_mutex_unlock.str1.4
                0x0000000000009cec       0x79 zephyr/kernel/libkernel.a(mutex.c.obj)
 .rodata.z_impl_k_sem_give.str1.4
                0x0000000000009d65       0x78 zephyr/kernel/libkernel.a(sem.c.obj)
 *fill*         0x0000000000009d65        0x3 
 .rodata.z_impl_k_sem_take.str1.4
                0x0000000000009d68       0x6d zephyr/kernel/libkernel.a(sem.c.obj)
                                         0xa1 (size before relaxing)
 *fill*         0x0000000000009dd5        0x3 
 .rodata.pended_on_thread.str1.4
                0x0000000000009dd8       0x3b zephyr/kernel/libkernel.a(sched.c.obj)
                                         0x59 (size before relaxing)
 .rodata.k_sched_time_slice_set.str1.4
                0x0000000000009e13       0x85 zephyr/kernel/libkernel.a(sched.c.obj)
 .rodata.k_sched_lock.str1.4
                0x0000000000009e13       0x75 zephyr/kernel/libkernel.a(sched.c.obj)
 *fill*         0x0000000000009e13        0x1 
 .rodata.z_priq_dumb_remove.str1.4
                0x0000000000009e14       0x21 zephyr/kernel/libkernel.a(sched.c.obj)
 *fill*         0x0000000000009e35        0x3 
 .rodata.update_cache.str1.4
                0x0000000000009e38       0x27 zephyr/kernel/libkernel.a(sched.c.obj)
 *fill*         0x0000000000009e5f        0x1 
 .rodata.k_sched_unlock.str1.4
                0x0000000000009e60       0x31 zephyr/kernel/libkernel.a(sched.c.obj)
 *fill*         0x0000000000009e91        0x3 
 .rodata.z_tick_sleep.str1.4
                0x0000000000009e94       0x40 zephyr/kernel/libkernel.a(sched.c.obj)
 .rodata.z_thread_abort.str1.4
                0x0000000000009ed4       0x22 zephyr/kernel/libkernel.a(sched.c.obj)
                                         0x26 (size before relaxing)
 *fill*         0x0000000000009ef6        0x2 
 .rodata.z_add_timeout.str1.4
                0x0000000000009ef8       0x44 zephyr/kernel/libkernel.a(timeout.c.obj)
                                         0xed (size before relaxing)
 .rodata.boot_banner.str1.4
                0x0000000000009f3c       0x37 zephyr/kernel/libkernel.a(banner.c.obj)
                                         0x3b (size before relaxing)
 *fill*         0x0000000000009f73        0x1 
 .rodata.CSWTCH.8
                0x0000000000009f74       0x1c /opt/nordic/ncs/v1.9.1/nrfxlib/crypto/nrf_cc310_platform/lib/cortex-m4/soft-float/no-interrupts/libnrf_cc310_platform_0.9.13.a(nrf_cc3xx_platform.c.obj)
 .rodata.mutex_free.str1.4
                0x0000000000009f90       0x26 /opt/nordic/ncs/v1.9.1/nrfxlib/crypto/nrf_cc310_platform/lib/cortex-m4/soft-float/no-interrupts/libnrf_cc310_platform_0.9.13.a(nrf_cc3xx_platform_mutex.c.obj)
 *fill*         0x0000000000009fb6        0x2 
 .rodata.mutex_init.str1.4
                0x0000000000009fb8       0x23 /opt/nordic/ncs/v1.9.1/nrfxlib/crypto/nrf_cc310_platform/lib/cortex-m4/soft-float/no-interrupts/libnrf_cc310_platform_0.9.13.a(nrf_cc3xx_platform_mutex.c.obj)
 *fill*         0x0000000000009fdb        0x1 
 .rodata.CC_PalPowerSaveModeInit.str1.4
                0x0000000000009fdc       0x20 /opt/nordic/ncs/v1.9.1/nrfxlib/crypto/nrf_cc310_platform/lib/cortex-m4/soft-float/no-interrupts/libnrf_cc310_platform_0.9.13.a(cc_pal_pm.c.obj)
 *(SORT_BY_ALIGNMENT(.gnu.linkonce.r.*))
                0x0000000000009ffc                . = ALIGN (0x4)
                0x0000000000009ffc                __rodata_region_end = .
                0x000000000000a000                . = ALIGN (_region_min_align)
                0x0000000000010000                . = ALIGN ((0x1 << ((__rodata_region_end - __rom_region_start) <= 0x4)?0x2:((__rodata_region_end - __rom_region_start) <= 0x8)?0x3:((__rodata_region_end - __rom_region_start) <= 0x10)?0x4:((__rodata_region_end - __rom_region_start) <= 0x20)?0x5:((__rodata_region_end - __rom_region_start) <= 0x40)?0x6:((__rodata_region_end - __rom_region_start) <= 0x80)?0x7:((__rodata_region_end - __rom_region_start) <= 0x100)?0x8:((__rodata_region_end - __rom_region_start) <= 0x200)?0x9:((__rodata_region_end - __rom_region_start) <= 0x400)?0xa:((__rodata_region_end - __rom_region_start) <= 0x800)?0xb:((__rodata_region_end - __rom_region_start) <= 0x1000)?0xc:((__rodata_region_end - __rom_region_start) <= 0x2000)?0xd:((__rodata_region_end - __rom_region_start) <= 0x4000)?0xe:((__rodata_region_end - __rom_region_start) <= 0x8000)?0xf:((__rodata_region_end - __rom_region_start) <= 0x10000)?0x10:((__rodata_region_end - __rom_region_start) <= 0x20000)?0x11:((__rodata_region_end - __rom_region_start) <= 0x40000)?0x12:((__rodata_region_end - __rom_region_start) <= 0x80000)?0x13:((__rodata_region_end - __rom_region_start) <= 0x100000)?0x14:((__rodata_region_end - __rom_region_start) <= 0x200000)?0x15:((__rodata_region_end - __rom_region_start) <= 0x400000)?0x16:((__rodata_region_end - __rom_region_start) <= 0x800000)?0x17:((__rodata_region_end - __rom_region_start) <= 0x1000000)?0x18:((__rodata_region_end - __rom_region_start) <= 0x2000000)?0x19:((__rodata_region_end - __rom_region_start) <= 0x4000000)?0x1a:((__rodata_region_end - __rom_region_start) <= 0x8000000)?0x1b:((__rodata_region_end - __rom_region_start) <= 0x10000000)?0x1c:((__rodata_region_end - __rom_region_start) <= 0x20000000)?0x1d:((__rodata_region_end - __rom_region_start) <= 0x40000000)?0x1e:((__rodata_region_end - __rom_region_start) <= 0x80000000)?0x1f:0x20))
                0x0000000000010000                __rom_region_end = .
                0x0000000020000000                . = 0x20000000
                0x0000000020000000                . = ALIGN (_region_min_align)
                0x0000000020000000                _image_ram_start = .

.ramfunc        0x0000000020000000        0x0 load address 0x0000000000009ffc
                0x0000000020000000                . = ALIGN (_region_min_align)